Component: ARM Compiler 5.06 update 7 (build 960) Tool: armlink [4d3601]

==============================================================================

Section Cross References

    startup_stm32f103xb.o(RESET) refers to startup_stm32f103xb.o(STACK) for __initial_sp
    startup_stm32f103xb.o(RESET) refers to startup_stm32f103xb.o(.text) for Reset_Handler
    startup_stm32f103xb.o(RESET) refers to stm32f1xx_it.o(i.NMI_Handler) for NMI_Handler
    startup_stm32f103xb.o(RESET) refers to context_rvds.o(.text) for HardFault_Handler
    startup_stm32f103xb.o(RESET) refers to stm32f1xx_it.o(i.MemManage_Handler) for MemManage_Handler
    startup_stm32f103xb.o(RESET) refers to stm32f1xx_it.o(i.BusFault_Handler) for BusFault_Handler
    startup_stm32f103xb.o(RESET) refers to stm32f1xx_it.o(i.UsageFault_Handler) for UsageFault_Handler
    startup_stm32f103xb.o(RESET) refers to stm32f1xx_it.o(i.DebugMon_Handler) for DebugMon_Handler
    startup_stm32f103xb.o(RESET) refers to board.o(i.SysTick_Handler) for SysTick_Handler
    startup_stm32f103xb.o(RESET) refers to stm32f1xx_it.o(i.TIM4_IRQHandler) for TIM4_IRQHandler
    startup_stm32f103xb.o(RESET) refers to stm32f1xx_it.o(i.EXTI15_10_IRQHandler) for EXTI15_10_IRQHandler
    startup_stm32f103xb.o(.text) refers to system_stm32f1xx.o(i.SystemInit) for SystemInit
    startup_stm32f103xb.o(.text) refers to entry.o(.ARM.Collect$$$$00000000) for __main
    main.o(i.HAL_TIM_PeriodElapsedCallback) refers to stm32f1xx_hal.o(i.HAL_IncTick) for HAL_IncTick
    main.o(i.SystemClock_Config) refers to memseta.o(.text) for __aeabi_memclr4
    main.o(i.SystemClock_Config) refers to stm32f1xx_hal_rcc.o(i.HAL_RCC_OscConfig) for HAL_RCC_OscConfig
    main.o(i.SystemClock_Config) refers to main.o(i.Error_Handler) for Error_Handler
    main.o(i.SystemClock_Config) refers to stm32f1xx_hal_rcc.o(i.HAL_RCC_ClockConfig) for HAL_RCC_ClockConfig
    main.o(i.main) refers to stm32f1xx_hal.o(i.HAL_Init) for HAL_Init
    main.o(i.main) refers to main.o(i.SystemClock_Config) for SystemClock_Config
    main.o(i.main) refers to gpio.o(i.MX_GPIO_Init) for MX_GPIO_Init
    main.o(i.main) refers to usart.o(i.MX_USART1_UART_Init) for MX_USART1_UART_Init
    main.o(i.main) refers to bsp_app.o(i.BMS_SysInitialize) for BMS_SysInitialize
    main.o(i.main) refers to stm32f1xx_hal_gpio.o(i.HAL_GPIO_TogglePin) for HAL_GPIO_TogglePin
    main.o(i.main) refers to thread.o(i.rt_thread_mdelay) for rt_thread_mdelay
    gpio.o(i.MX_GPIO_Init) refers to stm32f1xx_hal_gpio.o(i.HAL_GPIO_WritePin) for HAL_GPIO_WritePin
    gpio.o(i.MX_GPIO_Init) refers to stm32f1xx_hal_gpio.o(i.HAL_GPIO_Init) for HAL_GPIO_Init
    gpio.o(i.MX_GPIO_Init) refers to stm32f1xx_hal_cortex.o(i.HAL_NVIC_SetPriority) for HAL_NVIC_SetPriority
    gpio.o(i.MX_GPIO_Init) refers to stm32f1xx_hal_cortex.o(i.HAL_NVIC_EnableIRQ) for HAL_NVIC_EnableIRQ
    usart.o(i.HAL_UART_MspDeInit) refers to stm32f1xx_hal_gpio.o(i.HAL_GPIO_DeInit) for HAL_GPIO_DeInit
    usart.o(i.HAL_UART_MspInit) refers to stm32f1xx_hal_gpio.o(i.HAL_GPIO_Init) for HAL_GPIO_Init
    usart.o(i.MX_USART1_UART_Init) refers to stm32f1xx_hal_uart.o(i.HAL_UART_Init) for HAL_UART_Init
    usart.o(i.MX_USART1_UART_Init) refers to main.o(i.Error_Handler) for Error_Handler
    usart.o(i.MX_USART1_UART_Init) refers to usart.o(.bss) for huart1
    stm32f1xx_it.o(i.EXTI15_10_IRQHandler) refers to stm32f1xx_hal_gpio.o(i.HAL_GPIO_EXTI_IRQHandler) for HAL_GPIO_EXTI_IRQHandler
    stm32f1xx_it.o(i.TIM4_IRQHandler) refers to stm32f1xx_hal_tim.o(i.HAL_TIM_IRQHandler) for HAL_TIM_IRQHandler
    stm32f1xx_it.o(i.TIM4_IRQHandler) refers to stm32f1xx_hal_timebase_tim.o(.bss) for htim4
    stm32f1xx_hal_timebase_tim.o(i.HAL_InitTick) refers to stm32f1xx_hal_rcc.o(i.HAL_RCC_GetClockConfig) for HAL_RCC_GetClockConfig
    stm32f1xx_hal_timebase_tim.o(i.HAL_InitTick) refers to stm32f1xx_hal_rcc.o(i.HAL_RCC_GetPCLK1Freq) for HAL_RCC_GetPCLK1Freq
    stm32f1xx_hal_timebase_tim.o(i.HAL_InitTick) refers to stm32f1xx_hal_tim.o(i.HAL_TIM_Base_Init) for HAL_TIM_Base_Init
    stm32f1xx_hal_timebase_tim.o(i.HAL_InitTick) refers to stm32f1xx_hal_tim.o(i.HAL_TIM_Base_Start_IT) for HAL_TIM_Base_Start_IT
    stm32f1xx_hal_timebase_tim.o(i.HAL_InitTick) refers to stm32f1xx_hal_cortex.o(i.HAL_NVIC_EnableIRQ) for HAL_NVIC_EnableIRQ
    stm32f1xx_hal_timebase_tim.o(i.HAL_InitTick) refers to stm32f1xx_hal_cortex.o(i.HAL_NVIC_SetPriority) for HAL_NVIC_SetPriority
    stm32f1xx_hal_timebase_tim.o(i.HAL_InitTick) refers to stm32f1xx_hal_timebase_tim.o(.bss) for htim4
    stm32f1xx_hal_timebase_tim.o(i.HAL_InitTick) refers to stm32f1xx_hal.o(.data) for uwTickPrio
    stm32f1xx_hal_timebase_tim.o(i.HAL_ResumeTick) refers to stm32f1xx_hal_timebase_tim.o(.bss) for htim4
    stm32f1xx_hal_timebase_tim.o(i.HAL_SuspendTick) refers to stm32f1xx_hal_timebase_tim.o(.bss) for htim4
    stm32f1xx_hal_tim.o(i.HAL_TIM_Base_DeInit) refers to stm32f1xx_hal_tim.o(i.HAL_TIM_Base_MspDeInit) for HAL_TIM_Base_MspDeInit
[...]
    rt_hw_context_switch_to                  0x08000193   Thumb Code    64  context_rvds.o(.text)
    rt_hw_interrupt_thread_switch            0x080001d3   Thumb Code     2  context_rvds.o(.text)
    HardFault_Handler                        0x080001d5   Thumb Code    52  context_rvds.o(.text)
    __aeabi_llsr                             0x08000225   Thumb Code    32  llushr.o(.text)
    _ll_ushift_r                             0x08000225   Thumb Code     0  llushr.o(.text)
    __aeabi_memcpy                           0x08000245   Thumb Code    36  memcpya.o(.text)
    __aeabi_memcpy4                          0x08000245   Thumb Code     0  memcpya.o(.text)
    __aeabi_memcpy8                          0x08000245   Thumb Code     0  memcpya.o(.text)
    __aeabi_memset                           0x08000269   Thumb Code    14  memseta.o(.text)
    __aeabi_memset4                          0x08000269   Thumb Code     0  memseta.o(.text)
    __aeabi_memset8                          0x08000269   Thumb Code     0  memseta.o(.text)
    __aeabi_memclr                           0x08000277   Thumb Code     4  memseta.o(.text)
    __aeabi_memclr4                          0x08000277   Thumb Code     0  memseta.o(.text)
    __aeabi_memclr8                          0x08000277   Thumb Code     0  memseta.o(.text)
    _memset$wrapper                          0x0800027b   Thumb Code    18  memseta.o(.text)
    strcat                                   0x0800028d   Thumb Code    24  strcat.o(.text)
    strncpy                                  0x080002a5   Thumb Code    24  strncpy.o(.text)
    strlen                                   0x080002bd   Thumb Code    14  strlen.o(.text)
    strcmp                                   0x080002cb   Thumb Code    28  strcmp.o(.text)
    strncmp                                  0x080002e7   Thumb Code    30  strncmp.o(.text)
    __aeabi_fadd                             0x08000305   Thumb Code   164  fadd.o(.text)
    __aeabi_fsub                             0x080003a9   Thumb Code     6  fadd.o(.text)
    __aeabi_frsub                            0x080003af   Thumb Code     6  fadd.o(.text)
    __aeabi_fmul                             0x080003b5   Thumb Code   100  fmul.o(.text)
    __aeabi_fdiv                             0x08000419   Thumb Code   124  fdiv.o(.text)
    __aeabi_dadd                             0x08000495   Thumb Code   322  dadd.o(.text)
    __aeabi_dsub                             0x080005d7   Thumb Code     6  dadd.o(.text)
    __aeabi_drsub                            0x080005dd   Thumb Code     6  dadd.o(.text)
    __aeabi_dmul                             0x080005e3   Thumb Code   228  dmul.o(.text)
    __aeabi_ddiv                             0x080006c7   Thumb Code   222  ddiv.o(.text)
    __aeabi_i2f                              0x080007a5   Thumb Code    18  fflti.o(.text)
    __aeabi_ui2f                             0x080007b7   Thumb Code    10  ffltui.o(.text)
    __aeabi_i2d                              0x080007c1   Thumb Code    34  dflti.o(.text)
    __aeabi_ui2d                             0x080007e3   Thumb Code    26  dfltui.o(.text)
    __aeabi_f2iz                             0x080007fd   Thumb Code    50  ffixi.o(.text)
    __aeabi_f2uiz                            0x0800082f   Thumb Code    40  ffixui.o(.text)
    __aeabi_f2d                              0x08000857   Thumb Code    38  f2d.o(.text)
    __aeabi_cdcmpeq                          0x0800087d   Thumb Code     0  cdcmple.o(.text)
    __aeabi_cdcmple                          0x0800087d   Thumb Code    48  cdcmple.o(.text)
    __aeabi_d2f                              0x080008ad   Thumb Code    56  d2f.o(.text)
    __aeabi_cfcmpeq                          0x080008e5   Thumb Code     0  cfcmple.o(.text)
    __aeabi_cfcmple                          0x080008e5   Thumb Code    20  cfcmple.o(.text)
    __aeabi_cfrcmple                         0x080008f9   Thumb Code    20  cfrcmple.o(.text)
    __aeabi_uidiv                            0x0800090d   Thumb Code     0  uidiv.o(.text)
    __aeabi_uidivmod                         0x0800090d   Thumb Code    44  uidiv.o(.text)
    __aeabi_uldivmod                         0x08000939   Thumb Code    98  uldiv.o(.text)
    __aeabi_llsl                             0x0800099b   Thumb Code    30  llshl.o(.text)
    _ll_shift_l                              0x0800099b   Thumb Code     0  llshl.o(.text)
    __aeabi_lasr                             0x080009b9   Thumb Code    36  llsshr.o(.text)
    _ll_sshift_r                             0x080009b9   Thumb Code     0  llsshr.o(.text)
    __I$use$fp                               0x080009dd   Thumb Code     0  iusefp.o(.text)
    _float_round                             0x080009dd   Thumb Code    18  fepilogue.o(.text)
    _float_epilogue                          0x080009ef   Thumb Code    92  fepilogue.o(.text)
    _double_round                            0x08000a4b   Thumb Code    30  depilogue.o(.text)
    _double_epilogue                         0x08000a69   Thumb Code   156  depilogue.o(.text)
    __ARM_scalbn                             0x08000b05   Thumb Code    46  dscalb.o(.text)
    scalbn                                   0x08000b05   Thumb Code     0  dscalb.o(.text)
    __aeabi_d2ulz                            0x08000b33   Thumb Code    48  dfixul.o(.text)
    __aeabi_cdrcmple                         0x08000b65   Thumb Code    48  cdrcmple.o(.text)
    __scatterload                            0x08000b95   Thumb Code    28  init.o(.text)
    __scatterload_rt2                        0x08000b95   Thumb Code     0  init.o(.text)
    __decompress                             0x08000bb9   Thumb Code     0  __dczerorl2.o(.text)
    __decompress1                            0x08000bb9   Thumb Code    86  __dczerorl2.o(.text)
    main                                     0x08000c0f   Thumb Code    10  components.o(i.$Sub$$main)
    BMS_AnalysisInit                         0x08000eed   Thumb Code    58  bms_analysis.o(i.BMS_AnalysisInit)
    BMS_EnergyInit                           0x080015f9   Thumb Code   106  bms_energy.o(i.BMS_EnergyInit)
    BMS_InfoInit                             0x08001825   Thumb Code    56  bms_info.o(i.BMS_InfoInit)
    BMS_MointorInit                          0x080018a5   Thumb Code    58  bms_mointor.o(i.BMS_MointorInit)
    BMS_Mointor_HWCurrent                    0x08001a09   Thumb Code     8  bms_mointor.o(i.BMS_Mointor_HWCurrent)
    BMS_PrintfInfo                           0x08001c15   Thumb Code   702  bms_info.o(i.BMS_PrintfInfo)
    BMS_ProtectInit                          0x08002091   Thumb Code    58  bms_protect.o(i.BMS_ProtectInit)
    BMS_Protect_HWOCD                        0x0800211d   Thumb Code    54  bms_protect.o(i.BMS_Protect_HWOCD)
    BMS_Protect_HWOV                         0x08002195   Thumb Code    54  bms_protect.o(i.BMS_Protect_HWOV)
    BMS_Protect_HWSCD                        0x08002209   Thumb Code    54  bms_protect.o(i.BMS_Protect_HWSCD)
    BMS_Protect_HWUV                         0x08002281   Thumb Code    54  bms_protect.o(i.BMS_Protect_HWUV)
    BMS_Protect_HwDevice                     0x080022f9   Thumb Code    26  bms_protect.o(i.BMS_Protect_HwDevice)
    BMS_Protect_HwOvrd                       0x08002349   Thumb Code    26  bms_protect.o(i.BMS_Protect_HwOvrd)
    BMS_SysInitialize                        0x08002955   Thumb Code   112  bsp_app.o(i.BMS_SysInitialize)
    BQ769X0_CellBalanceControl               0x08002ab5   Thumb Code    86  bq76920_iic.o(i.BQ769X0_CellBalanceControl)
    BQ769X0_ControlDSGOrCHG                  0x08002c15   Thumb Code    42  bq76920_iic.o(i.BQ769X0_ControlDSGOrCHG)
    BQ769X0_EntryShip                        0x08002c45   Thumb Code    28  bq76920_iic.o(i.BQ769X0_EntryShip)
    BQ769X0_Init                             0x08002d21   Thumb Code   234  bq76920_iic.o(i.BQ769X0_Init)
    BQ769X0_LoadDetect                       0x08002e59   Thumb Code    40  bq76920_iic.o(i.BQ769X0_LoadDetect)
    BQ769X0_UpadteBatVolt                    0x08003241   Thumb Code   150  bq76920_iic.o(i.BQ769X0_UpadteBatVolt)
    BQ769X0_UpdateCellVolt                   0x08003325   Thumb Code   120  bq76920_iic.o(i.BQ769X0_UpdateCellVolt)
    BQ769X0_UpdateCurrent                    0x080033e9   Thumb Code   164  bq76920_iic.o(i.BQ769X0_UpdateCurrent)
    BQ769X0_UpdateTsTemp                     0x080034d5   Thumb Code   224  bq76920_iic.o(i.BQ769X0_UpdateTsTemp)
    BQ769X0_Wakeup                           0x08003605   Thumb Code    50  bq76920_iic.o(i.BQ769X0_Wakeup)
    Bms_HalControlBalance                    0x080037e1   Thumb Code    16  bms_hal_control.o(i.Bms_HalControlBalance)
    Bms_HalControlCharge                     0x080037f1   Thumb Code    14  bms_hal_control.o(i.Bms_HalControlCharge)
    Bms_HalControlDischarge                  0x080037ff   Thumb Code    14  bms_hal_control.o(i.Bms_HalControlDischarge)
    Bms_HalMonitorBatteryCurrent             0x0800380d   Thumb Code    16  bms_hal_mointor.o(i.Bms_HalMonitorBatteryCurrent)
    Bms_HalMonitorBatteryVoltage             0x08003825   Thumb Code    16  bms_hal_mointor.o(i.Bms_HalMonitorBatteryVoltage)
    Bms_HalMonitorCellTemperature            0x0800383d   Thumb Code    82  bms_hal_mointor.o(i.Bms_HalMonitorCellTemperature)
    Bms_HalMonitorCellVoltage                0x080038a1   Thumb Code    66  bms_hal_mointor.o(i.Bms_HalMonitorCellVoltage)
    Bms_HalMonitorLoadDetect                 0x080038f1   Thumb Code     8  bms_hal_mointor.o(i.Bms_HalMonitorLoadDetect)
    BubbleFloat                              0x080038f9   Thumb Code    70  bms_utils.o(i.BubbleFloat)
    BubbleSort                               0x0800393f   Thumb Code    82  bms_utils.o(i.BubbleSort)
    BusFault_Handler                         0x08003991   Thumb Code     4  stm32f1xx_it.o(i.BusFault_Handler)
    DebugMon_Handler                         0x080039d9   Thumb Code     2  stm32f1xx_it.o(i.DebugMon_Handler)
    EXTI15_10_IRQHandler                     0x080039db   Thumb Code    12  stm32f1xx_it.o(i.EXTI15_10_IRQHandler)
    Error_Handler                            0x080039e7   Thumb Code     6  main.o(i.Error_Handler)
    HAL_GPIO_EXTI_Callback                   0x080039ed   Thumb Code    16  bq76920_iic.o(i.HAL_GPIO_EXTI_Callback)
    HAL_GPIO_EXTI_IRQHandler                 0x080039fd   Thumb Code    24  stm32f1xx_hal_gpio.o(i.HAL_GPIO_EXTI_IRQHandler)
    HAL_GPIO_Init                            0x08003a19   Thumb Code   766  stm32f1xx_hal_gpio.o(i.HAL_GPIO_Init)
    HAL_GPIO_ReadPin                         0x08003d39   Thumb Code    16  stm32f1xx_hal_gpio.o(i.HAL_GPIO_ReadPin)
    HAL_GPIO_TogglePin                       0x08003d49   Thumb Code    20  stm32f1xx_hal_gpio.o(i.HAL_GPIO_TogglePin)
    HAL_GPIO_WritePin                        0x08003d5d   Thumb Code    12  stm32f1xx_hal_gpio.o(i.HAL_GPIO_WritePin)
    HAL_GetTick                              0x08003d69   Thumb Code     6  stm32f1xx_hal.o(i.HAL_GetTick)
    HAL_IncTick                              0x08003d75   Thumb Code    16  stm32f1xx_hal.o(i.HAL_IncTick)
    HAL_Init                                 0x08003d8d   Thumb Code    34  stm32f1xx_hal.o(i.HAL_Init)
    HAL_InitTick                             0x08003db5   Thumb Code   158  stm32f1xx_hal_timebase_tim.o(i.HAL_InitTick)
    HAL_MspInit                              0x08003e69   Thumb Code    76  stm32f1xx_hal_msp.o(i.HAL_MspInit)
    HAL_NVIC_EnableIRQ                       0x08003ebd   Thumb Code    32  stm32f1xx_hal_cortex.o(i.HAL_NVIC_EnableIRQ)
    HAL_NVIC_SetPriority                     0x08003edd   Thumb Code   124  stm32f1xx_hal_cortex.o(i.HAL_NVIC_SetPriority)
    HAL_NVIC_SetPriorityGrouping             0x08003f59   Thumb Code    32  stm32f1xx_hal_cortex.o(i.HAL_NVIC_SetPriorityGrouping)
    HAL_RCC_ClockConfig                      0x08003f81   Thumb Code   376  stm32f1xx_hal_rcc.o(i.HAL_RCC_ClockConfig)
    HAL_RCC_GetClockConfig                   0x0800410d   Thumb Code    58  stm32f1xx_hal_rcc.o(i.HAL_RCC_GetClockConfig)
    HAL_RCC_GetHCLKFreq                      0x08004151   Thumb Code     6  stm32f1xx_hal_rcc.o(i.HAL_RCC_GetHCLKFreq)
    HAL_RCC_GetPCLK1Freq                     0x0800415d   Thumb Code    22  stm32f1xx_hal_rcc.o(i.HAL_RCC_GetPCLK1Freq)
    HAL_RCC_GetPCLK2Freq                     0x0800417d   Thumb Code    22  stm32f1xx_hal_rcc.o(i.HAL_RCC_GetPCLK2Freq)
    HAL_RCC_GetSysClockFreq                  0x0800419d   Thumb Code    92  stm32f1xx_hal_rcc.o(i.HAL_RCC_GetSysClockFreq)
    HAL_RCC_OscConfig                        0x0800420d   Thumb Code  1114  stm32f1xx_hal_rcc.o(i.HAL_RCC_OscConfig)
    HAL_SYSTICK_Config                       0x08004671   Thumb Code    52  stm32f1xx_hal_cortex.o(i.HAL_SYSTICK_Config)
    HAL_TIMEx_BreakCallback                  0x080046a5   Thumb Code     2  stm32f1xx_hal_tim_ex.o(i.HAL_TIMEx_BreakCallback)
    HAL_TIMEx_CommutCallback                 0x080046a7   Thumb Code     2  stm32f1xx_hal_tim_ex.o(i.HAL_TIMEx_CommutCallback)
    HAL_TIM_Base_Init                        0x080046a9   Thumb Code   102  stm32f1xx_hal_tim.o(i.HAL_TIM_Base_Init)
    HAL_TIM_Base_MspInit                     0x0800470f   Thumb Code     2  stm32f1xx_hal_tim.o(i.HAL_TIM_Base_MspInit)
    HAL_TIM_Base_Start_IT                    0x08004711   Thumb Code   106  stm32f1xx_hal_tim.o(i.HAL_TIM_Base_Start_IT)
    HAL_TIM_IC_CaptureCallback               0x08004789   Thumb Code     2  stm32f1xx_hal_tim.o(i.HAL_TIM_IC_CaptureCallback)
    HAL_TIM_IRQHandler                       0x0800478b   Thumb Code   364  stm32f1xx_hal_tim.o(i.HAL_TIM_IRQHandler)
    HAL_TIM_OC_DelayElapsedCallback          0x080048f7   Thumb Code     2  stm32f1xx_hal_tim.o(i.HAL_TIM_OC_DelayElapsedCallback)
    HAL_TIM_PWM_PulseFinishedCallback        0x080048f9   Thumb Code     2  stm32f1xx_hal_tim.o(i.HAL_TIM_PWM_PulseFinishedCallback)
    HAL_TIM_PeriodElapsedCallback            0x080048fd   Thumb Code    18  main.o(i.HAL_TIM_PeriodElapsedCallback)
    HAL_TIM_TriggerCallback                  0x08004915   Thumb Code     2  stm32f1xx_hal_tim.o(i.HAL_TIM_TriggerCallback)
    HAL_UART_Init                            0x08004917   Thumb Code   118  stm32f1xx_hal_uart.o(i.HAL_UART_Init)
    HAL_UART_MspInit                         0x0800498d   Thumb Code   122  usart.o(i.HAL_UART_MspInit)
    HAL_UART_Receive                         0x08004a15   Thumb Code   194  stm32f1xx_hal_uart.o(i.HAL_UART_Receive)
    HAL_UART_Transmit                        0x08004ad7   Thumb Code   190  stm32f1xx_hal_uart.o(i.HAL_UART_Transmit)
    MX_GPIO_Init                             0x08004bb9   Thumb Code   238  gpio.o(i.MX_GPIO_Init)
    MX_USART1_UART_Init                      0x08004cb9   Thumb Code    46  usart.o(i.MX_USART1_UART_Init)
    MemManage_Handler                        0x08004cf1   Thumb Code     4  stm32f1xx_it.o(i.MemManage_Handler)
    NMI_Handler                              0x08004cf5   Thumb Code     4  stm32f1xx_it.o(i.NMI_Handler)
    SysTick_Handler                          0x08004ded   Thumb Code    18  board.o(i.SysTick_Handler)
    SystemClock_Config                       0x08004dff   Thumb Code   102  main.o(i.SystemClock_Config)
    SystemCoreClockUpdate                    0x08004e65   Thumb Code   142  system_stm32f1xx.o(i.SystemCoreClockUpdate)
    SystemInit                               0x08004f09   Thumb Code     2  system_stm32f1xx.o(i.SystemInit)
    TIM4_IRQHandler                          0x08004f0d   Thumb Code    10  stm32f1xx_it.o(i.TIM4_IRQHandler)
    TIM_Base_SetConfig                       0x08004f1d   Thumb Code   120  stm32f1xx_hal_tim.o(i.TIM_Base_SetConfig)
    UsageFault_Handler                       0x08005251   Thumb Code     4  stm32f1xx_it.o(i.UsageFault_Handler)
    __0sprintf                               0x08005255   Thumb Code    34  printfa.o(i.__0sprintf)
    __1sprintf                               0x08005255   Thumb Code     0  printfa.o(i.__0sprintf)
    __2sprintf                               0x08005255   Thumb Code     0  printfa.o(i.__0sprintf)
    __c89sprintf                             0x08005255   Thumb Code     0  printfa.o(i.__0sprintf)
    sprintf                                  0x08005255   Thumb Code     0  printfa.o(i.__0sprintf)
    __kernel_poly                            0x080052b5   Thumb Code   170  poly.o(i.__kernel_poly)
    __mathlib_dbl_divzero                    0x08005361   Thumb Code    12  dunder.o(i.__mathlib_dbl_divzero)
    __mathlib_dbl_infnan                     0x08005371   Thumb Code     6  dunder.o(i.__mathlib_dbl_infnan)
    __mathlib_dbl_invalid                    0x08005377   Thumb Code    12  dunder.o(i.__mathlib_dbl_invalid)
    __rt_ffs                                 0x08005385   Thumb Code    66  kservice.o(i.__rt_ffs)
    __scatterload_copy                       0x080053cd   Thumb Code    14  handlers.o(i.__scatterload_copy)
    __scatterload_null                       0x080053db   Thumb Code     2  handlers.o(i.__scatterload_null)
    __scatterload_zeroinit                   0x080053dd   Thumb Code    14  handlers.o(i.__scatterload_zeroinit)
    __set_errno                              0x080053ed   Thumb Code     6  errno.o(i.__set_errno)
    cmd_free                                 0x08006029   Thumb Code    64  msh.o(i.cmd_free)
    cmd_list                                 0x080060a9   Thumb Code   146  cmd.o(i.cmd_list)
    cmd_ps                                   0x0800621d   Thumb Code    10  msh.o(i.cmd_ps)
    finsh_get_prompt                         0x08006249   Thumb Code    60  shell.o(i.finsh_get_prompt)
    finsh_getchar                            0x08006299   Thumb Code     4  shell.o(i.finsh_getchar)
    finsh_set_prompt_mode                    0x0800629d   Thumb Code    38  shell.o(i.finsh_set_prompt_mode)
    finsh_system_function_init               0x080062e1   Thumb Code     8  shell.o(i.finsh_system_function_init)
    finsh_system_init                        0x080062ed   Thumb Code    96  shell.o(i.finsh_system_init)
    finsh_thread_entry                       0x08006385   Thumb Code   632  shell.o(i.finsh_thread_entry)
    iic_BUS_init                             0x080066a1   Thumb Code    10  drv_iic.o(i.iic_BUS_init)
    iic_transfermessage                      0x08006aa9   Thumb Code   196  drv_iic.o(i.iic_transfermessage)
    list_event                               0x08006c2d   Thumb Code   220  cmd.o(i.list_event)
    list_msgqueue                            0x08006e21   Thumb Code   246  cmd.o(i.list_msgqueue)
    list_sem                                 0x08006f89   Thumb Code   246  cmd.o(i.list_sem)
    list_thread                              0x080070e5   Thumb Code   300  cmd.o(i.list_thread)
    list_timer                               0x080072d1   Thumb Code   206  cmd.o(i.list_timer)
    log                                      0x08007479   Thumb Code   808  log.o(i.log)
    $Super$$main                             0x080077d5   Thumb Code    40  main.o(i.main)
    main_thread_entry                        0x08007801   Thumb Code    14  components.o(i.main_thread_entry)
    msh_auto_complete                        0x080078f5   Thumb Code   134  msh.o(i.msh_auto_complete)
    msh_exec                                 0x08007989   Thumb Code    76  msh.o(i.msh_exec)
    msh_help                                 0x08007a31   Thumb Code    48  msh.o(i.msh_help)
    right_bound                              0x08007dbd   Thumb Code    66  bms_utils.o(i.right_bound)
    rt_application_init                      0x08007e01   Thumb Code    52  components.o(i.rt_application_init)
    rt_assert_handler                        0x08007e55   Thumb Code    52  kservice.o(i.rt_assert_handler)
    rt_calloc                                0x08007ec5   Thumb Code    28  kservice.o(i.rt_calloc)
    rt_components_board_init                 0x08007ee1   Thumb Code    22  components.o(i.rt_components_board_init)
    rt_components_init                       0x08007f01   Thumb Code    22  components.o(i.rt_components_init)
    rt_enter_critical                        0x08007f59   Thumb Code    22  scheduler.o(i.rt_enter_critical)
    rt_exit_critical                         0x08007f75   Thumb Code    52  scheduler.o(i.rt_exit_critical)
    rt_free                                  0x08007fad   Thumb Code    28  kservice.o(i.rt_free)
    rt_heap_begin_get                        0x08007fc9   Thumb Code     4  board.o(i.rt_heap_begin_get)
    rt_heap_end_get                          0x08007fd1   Thumb Code     4  board.o(i.rt_heap_end_get)
    rt_hw_board_init                         0x08007fd9   Thumb Code    54  board.o(i.rt_hw_board_init)
    rt_hw_console_getchar                    0x08008011   Thumb Code    36  board.o(i.rt_hw_console_getchar)
    rt_hw_console_output                     0x08008039   Thumb Code    68  board.o(i.rt_hw_console_output)
    rt_hw_cpu_reset                          0x08008081   Thumb Code     8  cpuport.o(i.rt_hw_cpu_reset)
    rt_hw_hard_fault_exception               0x08008091   Thumb Code   190  cpuport.o(i.rt_hw_hard_fault_exception)
    rt_hw_stack_init                         0x08008291   Thumb Code    60  cpuport.o(i.rt_hw_stack_init)
    rt_interrupt_enter                       0x080082d1   Thumb Code    22  irq.o(i.rt_interrupt_enter)
    rt_interrupt_get_nest                    0x080082ed   Thumb Code    18  irq.o(i.rt_interrupt_get_nest)
    rt_interrupt_leave                       0x08008305   Thumb Code    22  irq.o(i.rt_interrupt_leave)
    rt_kprintf                               0x08008321   Thumb Code    40  kservice.o(i.rt_kprintf)
    rt_malloc                                0x0800834d   Thumb Code    28  kservice.o(i.rt_malloc)
    rt_memcpy                                0x0800836d   Thumb Code   116  kservice.o(i.rt_memcpy)
    rt_memmove                               0x080083e1   Thumb Code    54  kservice.o(i.rt_memmove)
    rt_memory_info                           0x08008419   Thumb Code    46  kservice.o(i.rt_memory_info)
    rt_memset                                0x0800844d   Thumb Code    86  kservice.o(i.rt_memset)
    rt_object_allocate                       0x080084a5   Thumb Code   142  object.o(i.rt_object_allocate)
    rt_object_delete                         0x0800857d   Thumb Code    82  object.o(i.rt_object_delete)
    rt_object_detach                         0x08008615   Thumb Code    60  object.o(i.rt_object_detach)
    rt_object_get_information                0x08008669   Thumb Code    30  object.o(i.rt_object_get_information)
    rt_object_get_type                       0x0800868d   Thumb Code    28  object.o(i.rt_object_get_type)
    rt_object_init                           0x080086c1   Thumb Code   128  object.o(i.rt_object_init)
    rt_object_is_systemobject                0x0800876d   Thumb Code    36  object.o(i.rt_object_is_systemobject)
    rt_schedule                              0x080087a9   Thumb Code   216  scheduler.o(i.rt_schedule)
    rt_schedule_insert_thread                0x08008889   Thumb Code   160  scheduler.o(i.rt_schedule_insert_thread)
    rt_schedule_remove_thread                0x08008949   Thumb Code    92  scheduler.o(i.rt_schedule_remove_thread)
    rt_sem_init                              0x080089c5   Thumb Code    92  ipc.o(i.rt_sem_init)
    rt_show_version                          0x08008a85   Thumb Code    46  kservice.o(i.rt_show_version)
    rt_smem_alloc                            0x08008b4d   Thumb Code   364  mem.o(i.rt_smem_alloc)
    rt_smem_free                             0x08008d6d   Thumb Code   204  mem.o(i.rt_smem_free)
    rt_smem_init                             0x08008f0d   Thumb Code   142  mem.o(i.rt_smem_init)
    rt_sprintf                               0x08008fe1   Thumb Code    18  kservice.o(i.rt_sprintf)
    rt_strerror                              0x08008ff5   Thumb Code    22  kservice.o(i.rt_strerror)
    rt_strlen                                0x08009011   Thumb Code    16  kservice.o(i.rt_strlen)
    rt_strncpy                               0x08009021   Thumb Code    42  kservice.o(i.rt_strncpy)
    rt_system_heap_init                      0x0800904d   Thumb Code    46  kservice.o(i.rt_system_heap_init)
    rt_system_scheduler_init                 0x080090a5   Thumb Code    34  scheduler.o(i.rt_system_scheduler_init)
    rt_system_scheduler_start                0x080090d1   Thumb Code    36  scheduler.o(i.rt_system_scheduler_start)
    rt_system_timer_init                     0x080090f9   Thumb Code    20  timer.o(i.rt_system_timer_init)
    rt_system_timer_thread_init              0x08009111   Thumb Code     2  timer.o(i.rt_system_timer_thread_init)
    rt_thread_create                         0x08009113   Thumb Code    90  thread.o(i.rt_thread_create)
    rt_thread_defunct_dequeue                0x0800916d   Thumb Code    48  idle.o(i.rt_thread_defunct_dequeue)
    rt_thread_defunct_enqueue                0x080091a1   Thumb Code    18  idle.o(i.rt_thread_defunct_enqueue)
    rt_thread_idle_init                      0x080091c1   Thumb Code    86  idle.o(i.rt_thread_idle_init)
    rt_thread_init                           0x08009229   Thumb Code    82  thread.o(i.rt_thread_init)
    rt_thread_mdelay                         0x080092ad   Thumb Code    14  thread.o(i.rt_thread_mdelay)
    rt_thread_resume                         0x080092bd   Thumb Code   110  thread.o(i.rt_thread_resume)
    rt_thread_self                           0x08009349   Thumb Code     6  thread.o(i.rt_thread_self)
    rt_thread_sleep                          0x08009355   Thumb Code   104  thread.o(i.rt_thread_sleep)
    rt_thread_startup                        0x080093d9   Thumb Code   102  thread.o(i.rt_thread_startup)
    rt_thread_suspend                        0x08009495   Thumb Code   130  thread.o(i.rt_thread_suspend)
    rt_tick_from_millisecond                 0x08009551   Thumb Code    50  clock.o(i.rt_tick_from_millisecond)
    rt_tick_get                              0x08009585   Thumb Code     6  clock.o(i.rt_tick_get)
    rt_tick_increase                         0x08009591   Thumb Code    70  clock.o(i.rt_tick_increase)
    rt_timer_check                           0x080095dd   Thumb Code   240  timer.o(i.rt_timer_check)
    rt_timer_control                         0x080096d1   Thumb Code   158  timer.o(i.rt_timer_control)
    rt_timer_create                          0x080097ed   Thumb Code    90  timer.o(i.rt_timer_create)
    rt_timer_detach                          0x08009879   Thumb Code   132  timer.o(i.rt_timer_detach)
    rt_timer_init                            0x0800997d   Thumb Code    94  timer.o(i.rt_timer_init)
    rt_timer_start                           0x08009a21   Thumb Code   238  timer.o(i.rt_timer_start)
    rt_timer_stop                            0x08009b6d   Thumb Code   120  timer.o(i.rt_timer_stop)
    rt_vsnprintf                             0x08009c39   Thumb Code   802  kservice.o(i.rt_vsnprintf)
    rt_vsprintf                              0x08009f65   Thumb Code    18  kservice.o(i.rt_vsprintf)
    rtthread_startup                         0x08009f87   Thumb Code    42  components.o(i.rtthread_startup)
    swap                                     0x0800a037   Thumb Code    26  bms_utils.o(i.swap)
    version                                  0x0800a17d   Thumb Code    10  cmd.o(i.version)
    AHBPrescTable                            0x0800a198   Data          16  system_stm32f1xx.o(.constdata)
    APBPrescTable                            0x0800a1a8   Data           8  system_stm32f1xx.o(.constdata)
    __lowest_bit_bitmap                      0x0800a361   Data         256  kservice.o(.constdata)
    __mathlib_zero                           0x0800a6f0   Data           8  qnan.o(.constdata)
    __fsym_BMS_CmdInfo_name                  0x0800a9ca   Data          12  bms_msh_cmd.o(.rodata.name)
    __fsym_BMS_CmdInfo_desc                  0x0800a9d6   Data          11  bms_msh_cmd.o(.rodata.name)
    __fsym_BMS_CmdOpenDSG_name               0x0800a9e1   Data          15  bms_msh_cmd.o(.rodata.name)
    __fsym_BMS_CmdOpenDSG_desc               0x0800a9f0   Data           9  bms_msh_cmd.o(.rodata.name)
    __fsym_BMS_CmdCloseDSG_name              0x0800a9f9   Data          16  bms_msh_cmd.o(.rodata.name)
    __fsym_BMS_CmdCloseDSG_desc              0x0800aa09   Data          10  bms_msh_cmd.o(.rodata.name)
    __fsym_BMS_CmdOpenCHG_name               0x0800aa13   Data          15  bms_msh_cmd.o(.rodata.name)
    __fsym_BMS_CmdOpenCHG_desc               0x0800aa22   Data           9  bms_msh_cmd.o(.rodata.name)
    __fsym_BMS_CmdCloseCHG_name              0x0800aa2b   Data          16  bms_msh_cmd.o(.rodata.name)
    __fsym_BMS_CmdCloseCHG_desc              0x0800aa3b   Data          10  bms_msh_cmd.o(.rodata.name)
    __fsym_BMS_CmdOpenBalance_name           0x0800aa45   Data          19  bms_msh_cmd.o(.rodata.name)
    __fsym_BMS_CmdOpenBalance_desc           0x0800aa58   Data          13  bms_msh_cmd.o(.rodata.name)
    __fsym_BMS_CmdCloseBalance_name          0x0800aa65   Data          20  bms_msh_cmd.o(.rodata.name)
    __fsym_BMS_CmdCloseBalance_desc          0x0800aa79   Data          14  bms_msh_cmd.o(.rodata.name)
    __fsym_BMS_CmdLoadDetect_name            0x0800aa87   Data          18  bms_msh_cmd.o(.rodata.name)
    __fsym_BMS_CmdLoadDetect_desc            0x0800aa99   Data          12  bms_msh_cmd.o(.rodata.name)
    __fsym_clear_name                        0x0800aaa5   Data           6  cmd.o(.rodata.name)
    __fsym_clear_desc                        0x0800aaab   Data          26  cmd.o(.rodata.name)
    __fsym_version_name                      0x0800aac5   Data           8  cmd.o(.rodata.name)
    __fsym_version_desc                      0x0800aacd   Data          35  cmd.o(.rodata.name)
    __fsym_list_thread_name                  0x0800aaf0   Data          12  cmd.o(.rodata.name)
    __fsym_list_thread_desc                  0x0800aafc   Data          12  cmd.o(.rodata.name)
    __fsym_list_sem_name                     0x0800ab08   Data           9  cmd.o(.rodata.name)
    __fsym_list_sem_desc                     0x0800ab11   Data          25  cmd.o(.rodata.name)
    __fsym_list_event_name                   0x0800ab2a   Data          11  cmd.o(.rodata.name)
    __fsym_list_event_desc                   0x0800ab35   Data          21  cmd.o(.rodata.name)
    __fsym_list_msgqueue_name                0x0800ab4a   Data          14  cmd.o(.rodata.name)
    __fsym_list_msgqueue_desc                0x0800ab58   Data          29  cmd.o(.rodata.name)
    __fsym_list_timer_name                   0x0800ab75   Data          11  cmd.o(.rodata.name)
    __fsym_list_timer_desc                   0x0800ab80   Data          21  cmd.o(.rodata.name)
    __fsym_list_name                         0x0800ab95   Data           5  cmd.o(.rodata.name)
    __fsym_list_desc                         0x0800ab9a   Data          13  cmd.o(.rodata.name)
    __fsym_help_name                         0x0800aba7   Data           5  msh.o(.rodata.name)
    __fsym_help_desc                         0x0800abac   Data          22  msh.o(.rodata.name)
    __fsym_ps_name                           0x0800abc2   Data           3  msh.o(.rodata.name)
    __fsym_ps_desc                           0x0800abc5   Data          28  msh.o(.rodata.name)
    __fsym_free_name                         0x0800abe1   Data           5  msh.o(.rodata.name)
    __fsym_free_desc                         0x0800abe6   Data          37  msh.o(.rodata.name)
    __fsym_reboot_name                       0x0800ac0b   Data           7  board.o(.rodata.name)
    __fsym_reboot_desc                       0x0800ac12   Data          14  board.o(.rodata.name)
    __rt_init_rti_start                      0x0800ac20   Data           4  components.o(.rti_fn.0)
    __rt_init_rti_board_start                0x0800ac24   Data           4  components.o(.rti_fn.0.end)
    __rt_init_uart_init                      0x0800ac28   Data           4  board.o(.rti_fn.1)
    __rt_init_rti_board_end                  0x0800ac2c   Data           4  components.o(.rti_fn.1.end)
    __rt_init_finsh_system_init              0x0800ac30   Data           4  shell.o(.rti_fn.6)
    __rt_init_rti_end                        0x0800ac34   Data           4  components.o(.rti_fn.6.end)
    FSymTab$$Base                            0x0800ac38   Number         0  bms_msh_cmd.o(FSymTab)
    __fsym_BMS_CmdInfo                       0x0800ac38   Data          12  bms_msh_cmd.o(FSymTab)
    __fsym_BMS_CmdOpenDSG                    0x0800ac44   Data          12  bms_msh_cmd.o(FSymTab)
    __fsym_BMS_CmdCloseDSG                   0x0800ac50   Data          12  bms_msh_cmd.o(FSymTab)
    __fsym_BMS_CmdOpenCHG                    0x0800ac5c   Data          12  bms_msh_cmd.o(FSymTab)
    __fsym_BMS_CmdCloseCHG                   0x0800ac68   Data          12  bms_msh_cmd.o(FSymTab)
    __fsym_BMS_CmdOpenBalance                0x0800ac74   Data          12  bms_msh_cmd.o(FSymTab)
    __fsym_BMS_CmdCloseBalance               0x0800ac80   Data          12  bms_msh_cmd.o(FSymTab)
    __fsym_BMS_CmdLoadDetect                 0x0800ac8c   Data          12  bms_msh_cmd.o(FSymTab)
    __fsym_clear                             0x0800ac98   Data          12  cmd.o(FSymTab)
    __fsym_version                           0x0800aca4   Data          12  cmd.o(FSymTab)
    __fsym_list_thread                       0x0800acb0   Data          12  cmd.o(FSymTab)
    __fsym_list_sem                          0x0800acbc   Data          12  cmd.o(FSymTab)
    __fsym_list_event                        0x0800acc8   Data          12  cmd.o(FSymTab)
    __fsym_list_msgqueue                     0x0800acd4   Data          12  cmd.o(FSymTab)
    __fsym_list_timer                        0x0800ace0   Data          12  cmd.o(FSymTab)
    __fsym_list                              0x0800acec   Data          12  cmd.o(FSymTab)
    __fsym_help                              0x0800acf8   Data          12  msh.o(FSymTab)
    __fsym_ps                                0x0800ad04   Data          12  msh.o(FSymTab)
    __fsym_free                              0x0800ad10   Data          12  msh.o(FSymTab)
    __fsym_reboot                            0x0800ad1c   Data          12  board.o(FSymTab)
    FSymTab$$Limit                           0x0800ad28   Number         0  board.o(FSymTab)
    Region$$Table$$Base                      0x0800ad28   Number         0  anon$$obj.o(Region$$Table)
    Region$$Table$$Limit                     0x0800ad48   Number         0  anon$$obj.o(Region$$Table)
    uwTick                                   0x20000000   Data           4  stm32f1xx_hal.o(.data)
    uwTickPrio                               0x20000004   Data           4  stm32f1xx_hal.o(.data)
    uwTickFreq                               0x20000008   Data           1  stm32f1xx_hal.o(.data)
    SystemCoreClock                          0x2000000c   Data           4  system_stm32f1xx.o(.data)
    BMS_GlobalParam                          0x20000010   Data           6  bms_global.o(.data)
    BMS_Protect                              0x2000002c   Data          80  bms_protect.o(.data)
    BMS_AnalysisData                         0x20000088   Data          48  bms_analysis.o(.data)
    SocOcvTab                                0x200000b8   Data         202  bms_analysis.o(.data)
    BMS_EnergyData                           0x20000184   Data          36  bms_energy.o(.data)
    I2C_1                                    0x200001c4   Data          28  drv_iic.o(.data)
    _syscall_table_begin                     0x200001e0   Data           4  shell.o(.data)
    _syscall_table_end                       0x200001e4   Data           4  shell.o(.data)
    shell                                    0x200001ec   Data           4  shell.o(.data)
    rt_interrupt_from_thread                 0x200001f4   Data           4  cpuport.o(.data)
    rt_interrupt_to_thread                   0x200001f8   Data           4  cpuport.o(.data)
    rt_thread_switch_interrupt_flag          0x200001fc   Data           4  cpuport.o(.data)
    rt_interrupt_nest                        0x2000020c   Data           1  irq.o(.data)
    rt_assert_hook                           0x20000218   Data           4  kservice.o(.data)
    rt_current_priority                      0x200002ac   Data           1  scheduler.o(.data)
    rt_current_thread                        0x200002b0   Data           4  scheduler.o(.data)
    rt_thread_ready_priority_group           0x200002b4   Data           4  scheduler.o(.data)
    huart1                                   0x200002c8   Data          72  usart.o(.bss)
    htim4                                    0x20000310   Data          72  stm32f1xx_hal_timebase_tim.o(.bss)
    BMS_MointorData                          0x20000358   Data          76  bms_mointor.o(.bss)
    BQ769X0_SampleData                       0x200003f8   Data          36  bq76920_iic.o(.bss)
    rt_thread_priority_table                 0x200042e8   Data         256  scheduler.o(.bss)
    __initial_sp                             0x200047e8   Data           0  startup_stm32f103xb.o(STACK)



==============================================================================

Memory Map of the image

  Image Entry point : 0x080000ed

  Load Region LR_IROM1 (Base: 0x08000000, Size: 0x0000b010, Max: 0x00010000, ABSOLUTE, COMPRESSED[0x0000aefc])

    Execution Region ER_IROM1 (Exec base: 0x08000000, Load base: 0x08000000, Size: 0x0000ad48, Max: 0x00010000, ABSOLUTE)

    Exec Addr    Load Addr    Size         Type   Attr      Idx    E Section Name        Object

    0x08000000   0x08000000   0x000000ec   Data   RO            3    RESET               startup_stm32f103xb.o
    0x080000ec   0x080000ec   0x00000000   Code   RO         5248  * .ARM.Collect$$$$00000000  mc_w.l(entry.o)
    0x080000ec   0x080000ec   0x00000004   Code   RO         5613    .ARM.Collect$$$$00000001  mc_w.l(entry2.o)
    0x080000f0   0x080000f0   0x00000004   Code   RO         5616    .ARM.Collect$$$$00000004  mc_w.l(entry5.o)
    0x080000f4   0x080000f4   0x00000000   Code   RO         5618    .ARM.Collect$$$$00000008  mc_w.l(entry7b.o)
    0x080000f4   0x080000f4   0x00000000   Code   RO         5620    .ARM.Collect$$$$0000000A  mc_w.l(entry8b.o)
    0x080000f4   0x080000f4   0x00000008   Code   RO         5621    .ARM.Collect$$$$0000000B  mc_w.l(entry9a.o)
    0x080000fc   0x080000fc   0x00000004   Code   RO         5628    .ARM.Collect$$$$0000000E  mc_w.l(entry12b.o)
    0x08000100   0x08000100   0x00000000   Code   RO         5623    .ARM.Collect$$$$0000000F  mc_w.l(entry10a.o)
    0x08000100   0x08000100   0x00000000   Code   RO         5625    .ARM.Collect$$$$00000011  mc_w.l(entry11a.o)
    0x08000100   0x08000100   0x00000004   Code   RO         5614    .ARM.Collect$$$$00002712  mc_w.l(entry2.o)
    0x08000104   0x08000104   0x00000024   Code   RO            4    .text               startup_stm32f103xb.o
    0x08000128   0x08000128   0x000000fc   Code   RO         4098    .text               context_rvds.o
    0x08000224   0x08000224   0x00000020   Code   RO         5251    .text               mc_w.l(llushr.o)
    0x08000244   0x08000244   0x00000024   Code   RO         5283    .text               mc_w.l(memcpya.o)
    0x08000268   0x08000268   0x00000024   Code   RO         5285    .text               mc_w.l(memseta.o)
    0x0800028c   0x0800028c   0x00000018   Code   RO         5287    .text               mc_w.l(strcat.o)
    0x080002a4   0x080002a4   0x00000018   Code   RO         5289    .text               mc_w.l(strncpy.o)
    0x080002bc   0x080002bc   0x0000000e   Code   RO         5291    .text               mc_w.l(strlen.o)
    0x080002ca   0x080002ca   0x0000001c   Code   RO         5293    .text               mc_w.l(strcmp.o)
    0x080002e6   0x080002e6   0x0000001e   Code   RO         5297    .text               mc_w.l(strncmp.o)
    0x08000304   0x08000304   0x000000b0   Code   RO         5562    .text               mf_w.l(fadd.o)
    0x080003b4   0x080003b4   0x00000064   Code   RO         5564    .text               mf_w.l(fmul.o)
    0x08000418   0x08000418   0x0000007c   Code   RO         5566    .text               mf_w.l(fdiv.o)
    0x08000494   0x08000494   0x0000014e   Code   RO         5568    .text               mf_w.l(dadd.o)
    0x080005e2   0x080005e2   0x000000e4   Code   RO         5570    .text               mf_w.l(dmul.o)
    0x080006c6   0x080006c6   0x000000de   Code   RO         5572    .text               mf_w.l(ddiv.o)
    0x080007a4   0x080007a4   0x00000012   Code   RO         5574    .text               mf_w.l(fflti.o)
    0x080007b6   0x080007b6   0x0000000a   Code   RO         5576    .text               mf_w.l(ffltui.o)
    0x080007c0   0x080007c0   0x00000022   Code   RO         5578    .text               mf_w.l(dflti.o)
    0x080007e2   0x080007e2   0x0000001a   Code   RO         5580    .text               mf_w.l(dfltui.o)
    0x080007fc   0x080007fc   0x00000032   Code   RO         5582    .text               mf_w.l(ffixi.o)
    0x0800082e   0x0800082e   0x00000028   Code   RO         5584    .text               mf_w.l(ffixui.o)
    0x08000856   0x08000856   0x00000026   Code   RO         5586    .text               mf_w.l(f2d.o)
    0x0800087c   0x0800087c   0x00000030   Code   RO         5588    .text               mf_w.l(cdcmple.o)
    0x080008ac   0x080008ac   0x00000038   Code   RO         5590    .text               mf_w.l(d2f.o)
    0x080008e4   0x080008e4   0x00000014   Code   RO         5592    .text               mf_w.l(cfcmple.o)
    0x080008f8   0x080008f8   0x00000014   Code   RO         5594    .text               mf_w.l(cfrcmple.o)
    0x0800090c   0x0800090c   0x0000002c   Code   RO         5632    .text               mc_w.l(uidiv.o)
    0x08000938   0x08000938   0x00000062   Code   RO         5634    .text               mc_w.l(uldiv.o)
    0x0800099a   0x0800099a   0x0000001e   Code   RO         5636    .text               mc_w.l(llshl.o)
    0x080009b8   0x080009b8   0x00000024   Code   RO         5638    .text               mc_w.l(llsshr.o)
    0x080009dc   0x080009dc   0x00000000   Code   RO         5647    .text               mc_w.l(iusefp.o)
    0x080009dc   0x080009dc   0x0000006e   Code   RO         5648    .text               mf_w.l(fepilogue.o)
    0x08000a4a   0x08000a4a   0x000000ba   Code   RO         5650    .text               mf_w.l(depilogue.o)
    0x08000b04   0x08000b04   0x0000002e   Code   RO         5652    .text               mf_w.l(dscalb.o)
    0x08000b32   0x08000b32   0x00000030   Code   RO         5654    .text               mf_w.l(dfixul.o)
    0x08000b62   0x08000b62   0x00000002   PAD
    0x08000b64   0x08000b64   0x00000030   Code   RO         5656    .text               mf_w.l(cdrcmple.o)
    0x08000b94   0x08000b94   0x00000024   Code   RO         5658    .text               mc_w.l(init.o)
    0x08000bb8   0x08000bb8   0x00000056   Code   RO         5670    .text               mc_w.l(__dczerorl2.o)
    0x08000c0e   0x08000c0e   0x0000000a   Code   RO         4274    i.$Sub$$main        components.o
    0x08000c18   0x08000c18   0x000000f4   Code   RO         3115    i.BMS_AnalysisAHSocCalculate  bms_analysis.o
    0x08000d0c   0x08000d0c   0x00000008   Code   RO         3116    i.BMS_AnalysisCalCap  bms_analysis.o
    0x08000d14   0x08000d14   0x000000ec   Code   RO         3117    i.BMS_AnalysisCalTemp  bms_analysis.o
    0x08000e00   0x08000e00   0x00000060   Code   RO         3118    i.BMS_AnalysisCapAndSocInit  bms_analysis.o
    0x08000e60   0x08000e60   0x0000008c   Code   RO         3119    i.BMS_AnalysisEasy  bms_analysis.o
    0x08000eec   0x08000eec   0x0000007c   Code   RO         3120    i.BMS_AnalysisInit  bms_analysis.o
    0x08000f68   0x08000f68   0x0000005c   Code   RO         3121    i.BMS_AnalysisOcvS0cCal  bms_analysis.o
    0x08000fc4   0x08000fc4   0x00000080   Code   RO         3122    i.BMS_AnalysisOcvToSoc  bms_analysis.o
    0x08001044   0x08001044   0x0000000c   Code   RO         3123    i.BMS_AnalysisSocCheck  bms_analysis.o
    0x08001050   0x08001050   0x0000001c   Code   RO         3124    i.BMS_Analysis_Entry  bms_analysis.o
    0x0800106c   0x0800106c   0x00000094   Code   RO         3204    i.BMS_BalanceCheck  bms_energy.o
    0x08001100   0x08001100   0x00000114   Code   RO         3205    i.BMS_BalanceFilter  bms_energy.o
    0x08001214   0x08001214   0x00000012   Code   RO         3206    i.BMS_BalanceManage  bms_energy.o
    0x08001226   0x08001226   0x00000002   PAD
    0x08001228   0x08001228   0x0000006c   Code   RO         3207    i.BMS_BalanceStart  bms_energy.o
    0x08001294   0x08001294   0x00000030   Code   RO         3208    i.BMS_BalanceTimerStart  bms_energy.o
    0x080012c4   0x080012c4   0x00000080   Code   RO         3209    i.BMS_BalanceTimer_Entry  bms_energy.o
    0x08001344   0x08001344   0x000001ec   Code   RO         3210    i.BMS_ChgDsgManage  bms_energy.o
    0x08001530   0x08001530   0x0000000c   Code   RO         3325    i.BMS_CmdCloseBalance  bms_msh_cmd.o
    0x0800153c   0x0800153c   0x0000000c   Code   RO         3326    i.BMS_CmdCloseCHG   bms_msh_cmd.o
    0x08001548   0x08001548   0x0000000c   Code   RO         3327    i.BMS_CmdCloseDSG   bms_msh_cmd.o
    0x08001554   0x08001554   0x00000008   Code   RO         3328    i.BMS_CmdInfo       bms_msh_cmd.o
    0x0800155c   0x0800155c   0x00000078   Code   RO         3329    i.BMS_CmdLoadDetect  bms_msh_cmd.o
    0x080015d4   0x080015d4   0x0000000c   Code   RO         3330    i.BMS_CmdOpenBalance  bms_msh_cmd.o
    0x080015e0   0x080015e0   0x0000000c   Code   RO         3331    i.BMS_CmdOpenCHG    bms_msh_cmd.o
    0x080015ec   0x080015ec   0x0000000c   Code   RO         3332    i.BMS_CmdOpenDSG    bms_msh_cmd.o
    0x080015f8   0x080015f8   0x000000cc   Code   RO         3211    i.BMS_EnergyInit    bms_energy.o
    0x080016c4   0x080016c4   0x00000012   Code   RO         3212    i.BMS_Energy_Entry  bms_energy.o
    0x080016d6   0x080016d6   0x00000002   PAD
    0x080016d8   0x080016d8   0x0000014c   Code   RO         3282    i.BMS_InfoBatCapacityIndicator  bms_info.o
    0x08001824   0x08001824   0x00000070   Code   RO         3283    i.BMS_InfoInit      bms_info.o
    0x08001894   0x08001894   0x00000010   Code   RO         3284    i.BMS_Info_Entry    bms_info.o
    0x080018a4   0x080018a4   0x00000078   Code   RO         2931    i.BMS_MointorInit   bms_mointor.o
    0x0800191c   0x0800191c   0x000000d8   Code   RO         2932    i.BMS_Mointor_Battery  bms_mointor.o
    0x080019f4   0x080019f4   0x00000014   Code   RO         2933    i.BMS_Mointor_Entry  bms_mointor.o
    0x08001a08   0x08001a08   0x0000000c   Code   RO         2934    i.BMS_Mointor_HWCurrent  bms_mointor.o
    0x08001a14   0x08001a14   0x00000200   Code   RO         2935    i.BMS_Mointor_SysMode  bms_mointor.o
    0x08001c14   0x08001c14   0x0000047c   Code   RO         3285    i.BMS_PrintfInfo    bms_info.o
    0x08002090   0x08002090   0x00000078   Code   RO         2994    i.BMS_ProtectInit   bms_protect.o
    0x08002108   0x08002108   0x00000012   Code   RO         2995    i.BMS_Protect_Entry  bms_protect.o
    0x0800211a   0x0800211a   0x00000002   PAD
    0x0800211c   0x0800211c   0x00000078   Code   RO         2996    i.BMS_Protect_HWOCD  bms_protect.o
    0x08002194   0x08002194   0x00000074   Code   RO         2997    i.BMS_Protect_HWOV  bms_protect.o
    0x08002208   0x08002208   0x00000078   Code   RO         2998    i.BMS_Protect_HWSCD  bms_protect.o
    0x08002280   0x08002280   0x00000078   Code   RO         2999    i.BMS_Protect_HWUV  bms_protect.o
    0x080022f8   0x080022f8   0x00000050   Code   RO         3000    i.BMS_Protect_HwDevice  bms_protect.o
    0x08002348   0x08002348   0x0000004c   Code   RO         3001    i.BMS_Protect_HwOvrd  bms_protect.o
    0x08002394   0x08002394   0x0000039c   Code   RO         3002    i.BMS_Protect_Relieve  bms_protect.o
    0x08002730   0x08002730   0x00000224   Code   RO         3003    i.BMS_Protect_Trigger  bms_protect.o
    0x08002954   0x08002954   0x0000008c   Code   RO         2820    i.BMS_SysInitialize  bsp_app.o
    0x080029e0   0x080029e0   0x000000d4   Code   RO         3492    i.BQ769X0_AlertyHandler  bq76920_iic.o
    0x08002ab4   0x08002ab4   0x00000056   Code   RO         3493    i.BQ769X0_CellBalanceControl  bq76920_iic.o
    0x08002b0a   0x08002b0a   0x00000002   PAD
    0x08002b0c   0x08002b0c   0x00000108   Code   RO         3494    i.BQ769X0_Configuration  bq76920_iic.o
    0x08002c14   0x08002c14   0x00000030   Code   RO         3495    i.BQ769X0_ControlDSGOrCHG  bq76920_iic.o
    0x08002c44   0x08002c44   0x0000001c   Code   RO         3496    i.BQ769X0_EntryShip  bq76920_iic.o
    0x08002c60   0x08002c60   0x000000c0   Code   RO         3497    i.BQ769X0_GetADCGainOffset  bq76920_iic.o
    0x08002d20   0x08002d20   0x00000138   Code   RO         3498    i.BQ769X0_Init      bq76920_iic.o
    0x08002e58   0x08002e58   0x0000002c   Code   RO         3499    i.BQ769X0_LoadDetect  bq76920_iic.o
    0x08002e84   0x08002e84   0x0000015c   Code   RO         3500    i.BQ769X0_ReadBlockWithCRC  bq76920_iic.o
    0x08002fe0   0x08002fe0   0x00000114   Code   RO         3502    i.BQ769X0_ReadRegisterByteWithCRC  bq76920_iic.o
    0x080030f4   0x080030f4   0x0000014c   Code   RO         3503    i.BQ769X0_ReadRegisterWordWithCRC  bq76920_iic.o
    0x08003240   0x08003240   0x000000e4   Code   RO         3504    i.BQ769X0_UpadteBatVolt  bq76920_iic.o
    0x08003324   0x08003324   0x000000c4   Code   RO         3505    i.BQ769X0_UpdateCellVolt  bq76920_iic.o
    0x080033e8   0x080033e8   0x000000ec   Code   RO         3506    i.BQ769X0_UpdateCurrent  bq76920_iic.o
    0x080034d4   0x080034d4   0x00000130   Code   RO         3508    i.BQ769X0_UpdateTsTemp  bq76920_iic.o
    0x08003604   0x08003604   0x00000038   Code   RO         3509    i.BQ769X0_Wakeup    bq76920_iic.o
    0x0800363c   0x0800363c   0x000000ec   Code   RO         3510    i.BQ769X0_WriteBlockWithCRC  bq76920_iic.o
    0x08003728   0x08003728   0x000000b8   Code   RO         3512    i.BQ769X0_WriteRegisterByteWithCRC  bq76920_iic.o
    0x080037e0   0x080037e0   0x00000010   Code   RO         3390    i.Bms_HalControlBalance  bms_hal_control.o
    0x080037f0   0x080037f0   0x0000000e   Code   RO         3391    i.Bms_HalControlCharge  bms_hal_control.o
    0x080037fe   0x080037fe   0x0000000e   Code   RO         3392    i.Bms_HalControlDischarge  bms_hal_control.o
    0x0800380c   0x0800380c   0x00000018   Code   RO         3433    i.Bms_HalMonitorBatteryCurrent  bms_hal_mointor.o
    0x08003824   0x08003824   0x00000018   Code   RO         3434    i.Bms_HalMonitorBatteryVoltage  bms_hal_mointor.o
    0x0800383c   0x0800383c   0x00000064   Code   RO         3435    i.Bms_HalMonitorCellTemperature  bms_hal_mointor.o
    0x080038a0   0x080038a0   0x00000050   Code   RO         3436    i.Bms_HalMonitorCellVoltage  bms_hal_mointor.o
    0x080038f0   0x080038f0   0x00000008   Code   RO         3437    i.Bms_HalMonitorLoadDetect  bms_hal_mointor.o
    0x080038f8   0x080038f8   0x00000046   Code   RO         3079    i.BubbleFloat       bms_utils.o
    0x0800393e   0x0800393e   0x00000052   Code   RO         3080    i.BubbleSort        bms_utils.o
    0x08003990   0x08003990   0x00000004   Code   RO          255    i.BusFault_Handler  stm32f1xx_it.o
    0x08003994   0x08003994   0x00000044   Code   RO         3514    i.CRC8              bq76920_iic.o
    0x080039d8   0x080039d8   0x00000002   Code   RO          256    i.DebugMon_Handler  stm32f1xx_it.o
    0x080039da   0x080039da   0x0000000c   Code   RO          257    i.EXTI15_10_IRQHandler  stm32f1xx_it.o
    0x080039e6   0x080039e6   0x00000006   Code   RO           13    i.Error_Handler     main.o
    0x080039ec   0x080039ec   0x00000010   Code   RO         3515    i.HAL_GPIO_EXTI_Callback  bq76920_iic.o
    0x080039fc   0x080039fc   0x0000001c   Code   RO         1723    i.HAL_GPIO_EXTI_IRQHandler  stm32f1xx_hal_gpio.o
    0x08003a18   0x08003a18   0x00000320   Code   RO         1724    i.HAL_GPIO_Init     stm32f1xx_hal_gpio.o
    0x08003d38   0x08003d38   0x00000010   Code   RO         1726    i.HAL_GPIO_ReadPin  stm32f1xx_hal_gpio.o
    0x08003d48   0x08003d48   0x00000014   Code   RO         1727    i.HAL_GPIO_TogglePin  stm32f1xx_hal_gpio.o
    0x08003d5c   0x08003d5c   0x0000000c   Code   RO         1728    i.HAL_GPIO_WritePin  stm32f1xx_hal_gpio.o
    0x08003d68   0x08003d68   0x0000000c   Code   RO         1413    i.HAL_GetTick       stm32f1xx_hal.o
    0x08003d74   0x08003d74   0x00000018   Code   RO         1419    i.HAL_IncTick       stm32f1xx_hal.o
    0x08003d8c   0x08003d8c   0x00000028   Code   RO         1420    i.HAL_Init          stm32f1xx_hal.o
    0x08003db4   0x08003db4   0x000000b4   Code   RO          343    i.HAL_InitTick      stm32f1xx_hal_timebase_tim.o
    0x08003e68   0x08003e68   0x00000054   Code   RO          319    i.HAL_MspInit       stm32f1xx_hal_msp.o
    0x08003ebc   0x08003ebc   0x00000020   Code   RO         1884    i.HAL_NVIC_EnableIRQ  stm32f1xx_hal_cortex.o
    0x08003edc   0x08003edc   0x0000007c   Code   RO         1890    i.HAL_NVIC_SetPriority  stm32f1xx_hal_cortex.o
    0x08003f58   0x08003f58   0x00000028   Code   RO         1891    i.HAL_NVIC_SetPriorityGrouping  stm32f1xx_hal_cortex.o
    0x08003f80   0x08003f80   0x0000018c   Code   RO         1577    i.HAL_RCC_ClockConfig  stm32f1xx_hal_rcc.o
    0x0800410c   0x0800410c   0x00000044   Code   RO         1581    i.HAL_RCC_GetClockConfig  stm32f1xx_hal_rcc.o
    0x08004150   0x08004150   0x0000000c   Code   RO         1582    i.HAL_RCC_GetHCLKFreq  stm32f1xx_hal_rcc.o
    0x0800415c   0x0800415c   0x00000020   Code   RO         1584    i.HAL_RCC_GetPCLK1Freq  stm32f1xx_hal_rcc.o
    0x0800417c   0x0800417c   0x00000020   Code   RO         1585    i.HAL_RCC_GetPCLK2Freq  stm32f1xx_hal_rcc.o
    0x0800419c   0x0800419c   0x00000070   Code   RO         1586    i.HAL_RCC_GetSysClockFreq  stm32f1xx_hal_rcc.o
    0x0800420c   0x0800420c   0x00000464   Code   RO         1589    i.HAL_RCC_OscConfig  stm32f1xx_hal_rcc.o
    0x08004670   0x08004670   0x00000034   Code   RO         1895    i.HAL_SYSTICK_Config  stm32f1xx_hal_cortex.o
    0x080046a4   0x080046a4   0x00000002   Code   RO         1135    i.HAL_TIMEx_BreakCallback  stm32f1xx_hal_tim_ex.o
    0x080046a6   0x080046a6   0x00000002   Code   RO         1136    i.HAL_TIMEx_CommutCallback  stm32f1xx_hal_tim_ex.o
    0x080046a8   0x080046a8   0x00000066   Code   RO          420    i.HAL_TIM_Base_Init  stm32f1xx_hal_tim.o
    0x0800470e   0x0800470e   0x00000002   Code   RO          422    i.HAL_TIM_Base_MspInit  stm32f1xx_hal_tim.o
    0x08004710   0x08004710   0x00000078   Code   RO          425    i.HAL_TIM_Base_Start_IT  stm32f1xx_hal_tim.o
    0x08004788   0x08004788   0x00000002   Code   RO          454    i.HAL_TIM_IC_CaptureCallback  stm32f1xx_hal_tim.o
    0x0800478a   0x0800478a   0x0000016c   Code   RO          468    i.HAL_TIM_IRQHandler  stm32f1xx_hal_tim.o
    0x080048f6   0x080048f6   0x00000002   Code   RO          471    i.HAL_TIM_OC_DelayElapsedCallback  stm32f1xx_hal_tim.o
    0x080048f8   0x080048f8   0x00000002   Code   RO          498    i.HAL_TIM_PWM_PulseFinishedCallback  stm32f1xx_hal_tim.o
    0x080048fa   0x080048fa   0x00000002   PAD
    0x080048fc   0x080048fc   0x00000018   Code   RO           14    i.HAL_TIM_PeriodElapsedCallback  main.o
    0x08004914   0x08004914   0x00000002   Code   RO          511    i.HAL_TIM_TriggerCallback  stm32f1xx_hal_tim.o
    0x08004916   0x08004916   0x00000076   Code   RO         2440    i.HAL_UART_Init     stm32f1xx_hal_uart.o
    0x0800498c   0x0800498c   0x00000088   Code   RO          214    i.HAL_UART_MspInit  usart.o
    0x08004a14   0x08004a14   0x000000c2   Code   RO         2443    i.HAL_UART_Receive  stm32f1xx_hal_uart.o
    0x08004ad6   0x08004ad6   0x000000be   Code   RO         2448    i.HAL_UART_Transmit  stm32f1xx_hal_uart.o
    0x08004b94   0x08004b94   0x00000010   Code   RO         3668    i.I2C1_Lock         drv_iic.o
    0x08004ba4   0x08004ba4   0x00000002   Code   RO         3669    i.I2C1_LockInit     drv_iic.o
    0x08004ba6   0x08004ba6   0x00000002   PAD
    0x08004ba8   0x08004ba8   0x00000010   Code   RO         3670    i.I2C1_Unlock       drv_iic.o
    0x08004bb8   0x08004bb8   0x00000100   Code   RO          189    i.MX_GPIO_Init      gpio.o
    0x08004cb8   0x08004cb8   0x00000038   Code   RO          215    i.MX_USART1_UART_Init  usart.o
    0x08004cf0   0x08004cf0   0x00000004   Code   RO          258    i.MemManage_Handler  stm32f1xx_it.o
    0x08004cf4   0x08004cf4   0x00000004   Code   RO          259    i.NMI_Handler       stm32f1xx_it.o
    0x08004cf8   0x08004cf8   0x00000020   Code   RO         3516    i.Q769X0_TS1_WACKUP_SetInMode  bq76920_iic.o
    0x08004d18   0x08004d18   0x00000024   Code   RO         3517    i.Q769X0_TS1_WACKUP_SetOutMode  bq76920_iic.o
    0x08004d3c   0x08004d3c   0x00000028   Code   RO         1590    i.RCC_Delay         stm32f1xx_hal_rcc.o
    0x08004d64   0x08004d64   0x00000010   Code   RO         3671    i.SCL_H             drv_iic.o
    0x08004d74   0x08004d74   0x00000010   Code   RO         3672    i.SCL_L             drv_iic.o
    0x08004d84   0x08004d84   0x00000010   Code   RO         3673    i.SDA_H             drv_iic.o
    0x08004d94   0x08004d94   0x00000010   Code   RO         3674    i.SDA_L             drv_iic.o
    0x08004da4   0x08004da4   0x0000000e   Code   RO         3675    i.SDA_read          drv_iic.o
    0x08004db2   0x08004db2   0x0000001c   Code   RO         3676    i.SDA_setinmode     drv_iic.o
    0x08004dce   0x08004dce   0x0000001e   Code   RO         3677    i.SDA_setoutmode    drv_iic.o
    0x08004dec   0x08004dec   0x00000012   Code   RO         4168    i.SysTick_Handler   board.o
    0x08004dfe   0x08004dfe   0x00000066   Code   RO           15    i.SystemClock_Config  main.o
    0x08004e64   0x08004e64   0x000000a4   Code   RO         2783    i.SystemCoreClockUpdate  system_stm32f1xx.o
    0x08004f08   0x08004f08   0x00000002   Code   RO         2784    i.SystemInit        system_stm32f1xx.o
    0x08004f0a   0x08004f0a   0x00000002   PAD
    0x08004f0c   0x08004f0c   0x00000010   Code   RO          260    i.TIM4_IRQHandler   stm32f1xx_it.o
    0x08004f1c   0x08004f1c   0x00000084   Code   RO          513    i.TIM_Base_SetConfig  stm32f1xx_hal_tim.o
    0x08004fa0   0x08004fa0   0x000000bc   Code   RO         3518    i.TempChange        bq76920_iic.o
    0x0800505c   0x0800505c   0x0000006c   Code   RO         2463    i.UART_EndRxTransfer  stm32f1xx_hal_uart.o
    0x080050c8   0x080050c8   0x000000fc   Code   RO         2467    i.UART_SetConfig    stm32f1xx_hal_uart.o
    0x080051c4   0x080051c4   0x0000008c   Code   RO         2471    i.UART_WaitOnFlagUntilTimeout  stm32f1xx_hal_uart.o
    0x08005250   0x08005250   0x00000004   Code   RO          261    i.UsageFault_Handler  stm32f1xx_it.o
    0x08005254   0x08005254   0x00000028   Code   RO         5536    i.__0sprintf        mc_w.l(printfa.o)
    0x0800527c   0x0800527c   0x00000010   Code   RO         1897    i.__NVIC_GetPriorityGrouping  stm32f1xx_hal_cortex.o
    0x0800528c   0x0800528c   0x00000028   Code   RO         1898    i.__NVIC_SetPriority  stm32f1xx_hal_cortex.o
    0x080052b4   0x080052b4   0x000000aa   Code   RO         5610    i.__kernel_poly     m_ws.l(poly.o)
    0x0800535e   0x0800535e   0x00000002   PAD
    0x08005360   0x08005360   0x00000010   Code   RO         5596    i.__mathlib_dbl_divzero  m_ws.l(dunder.o)
    0x08005370   0x08005370   0x00000006   Code   RO         5597    i.__mathlib_dbl_infnan  m_ws.l(dunder.o)
    0x08005376   0x08005376   0x0000000c   Code   RO         5599    i.__mathlib_dbl_invalid  m_ws.l(dunder.o)
    0x08005382   0x08005382   0x00000002   PAD
    0x08005384   0x08005384   0x00000048   Code   RO         4587    i.__rt_ffs          kservice.o
    0x080053cc   0x080053cc   0x0000000e   Code   RO         5664    i.__scatterload_copy  mc_w.l(handlers.o)
    0x080053da   0x080053da   0x00000002   Code   RO         5665    i.__scatterload_null  mc_w.l(handlers.o)
    0x080053dc   0x080053dc   0x0000000e   Code   RO         5666    i.__scatterload_zeroinit  mc_w.l(handlers.o)
    0x080053ea   0x080053ea   0x00000002   PAD
    0x080053ec   0x080053ec   0x0000000c   Code   RO         5642    i.__set_errno       mc_w.l(errno.o)
    0x080053f8   0x080053f8   0x00000184   Code   RO         5541    i._fp_digits        mc_w.l(printfa.o)
    0x0800557c   0x0800557c   0x00000094   Code   RO         3907    i._msh_exec_cmd     msh.o
    0x08005610   0x08005610   0x000006b4   Code   RO         5542    i._printf_core      mc_w.l(printfa.o)
    0x08005cc4   0x08005cc4   0x00000024   Code   RO         5543    i._printf_post_padding  mc_w.l(printfa.o)
    0x08005ce8   0x08005ce8   0x0000002e   Code   RO         5544    i._printf_pre_padding  mc_w.l(printfa.o)
    0x08005d16   0x08005d16   0x00000002   PAD
    0x08005d18   0x08005d18   0x00000024   Code   RO         4953    i._scheduler_get_highest_priority_thread  scheduler.o
    0x08005d3c   0x08005d3c   0x0000000a   Code   RO         5546    i._sputc            mc_w.l(printfa.o)
    0x08005d46   0x08005d46   0x00000036   Code   RO         5033    i._thread_exit      thread.o
    0x08005d7c   0x08005d7c   0x000000b4   Code   RO         5034    i._thread_init      thread.o
    0x08005e30   0x08005e30   0x000000c8   Code   RO         5035    i._thread_timeout   thread.o
    0x08005ef8   0x08005ef8   0x00000028   Code   RO         5150    i._timer_init       timer.o
    0x08005f20   0x08005f20   0x000000f4   Code   RO         4102    i.bus_fault_track   cpuport.o
    0x08006014   0x08006014   0x00000014   Code   RO         3813    i.clear             cmd.o
    0x08006028   0x08006028   0x00000080   Code   RO         3908    i.cmd_free          msh.o
    0x080060a8   0x080060a8   0x00000174   Code   RO         3814    i.cmd_list          cmd.o
    0x0800621c   0x0800621c   0x0000000a   Code   RO         3909    i.cmd_ps            msh.o
    0x08006226   0x08006226   0x00000020   Code   RO         3438    i.compaer_cell      bms_hal_mointor.o
    0x08006246   0x08006246   0x00000002   PAD
    0x08006248   0x08006248   0x00000050   Code   RO         4013    i.finsh_get_prompt  shell.o
    0x08006298   0x08006298   0x00000004   Code   RO         4015    i.finsh_getchar     shell.o
    0x0800629c   0x0800629c   0x00000044   Code   RO         4018    i.finsh_set_prompt_mode  shell.o
    0x080062e0   0x080062e0   0x0000000c   Code   RO         4019    i.finsh_system_function_init  shell.o
    0x080062ec   0x080062ec   0x00000098   Code   RO         4020    i.finsh_system_init  shell.o
    0x08006384   0x08006384   0x00000298   Code   RO         4021    i.finsh_thread_entry  shell.o
    0x0800661c   0x0800661c   0x00000084   Code   RO         4103    i.hard_fault_track  cpuport.o
    0x080066a0   0x080066a0   0x00000010   Code   RO         3678    i.iic_BUS_init      drv_iic.o
    0x080066b0   0x080066b0   0x00000158   Code   RO         3679    i.iic_bitsendaddress  drv_iic.o
    0x08006808   0x08006808   0x0000003e   Code   RO         3680    i.iic_init          drv_iic.o
    0x08006846   0x08006846   0x0000004e   Code   RO         3681    i.iic_readbyte      drv_iic.o
    0x08006894   0x08006894   0x0000006a   Code   RO         3682    i.iic_recvbytes     drv_iic.o
    0x080068fe   0x080068fe   0x0000002a   Code   RO         3683    i.iic_restart       drv_iic.o
    0x08006928   0x08006928   0x00000098   Code   RO         3684    i.iic_sendaddress   drv_iic.o
    0x080069c0   0x080069c0   0x000000a4   Code   RO         3685    i.iic_sendbytes     drv_iic.o
    0x08006a64   0x08006a64   0x00000018   Code   RO         3686    i.iic_start         drv_iic.o
    0x08006a7c   0x08006a7c   0x0000002a   Code   RO         3687    i.iic_stop          drv_iic.o
    0x08006aa6   0x08006aa6   0x00000002   PAD
    0x08006aa8   0x08006aa8   0x00000104   Code   RO         3688    i.iic_transfermessage  drv_iic.o
    0x08006bac   0x08006bac   0x00000080   Code   RO         3689    i.iic_writebyte     drv_iic.o
    0x08006c2c   0x08006c2c   0x00000158   Code   RO         3815    i.list_event        cmd.o
    0x08006d84   0x08006d84   0x00000024   Code   RO         3816    i.list_find_init    cmd.o
    0x08006da8   0x08006da8   0x00000076   Code   RO         3817    i.list_get_next     cmd.o
    0x08006e1e   0x08006e1e   0x00000002   PAD
    0x08006e20   0x08006e20   0x00000168   Code   RO         3818    i.list_msgqueue     cmd.o
    0x08006f88   0x08006f88   0x0000015c   Code   RO         3819    i.list_sem          cmd.o
    0x080070e4   0x080070e4   0x000001ec   Code   RO         3820    i.list_thread       cmd.o
    0x080072d0   0x080072d0   0x000001a8   Code   RO         3821    i.list_timer        cmd.o
    0x08007478   0x08007478   0x0000035c   Code   RO         5239    i.log               m_ws.l(log.o)
    0x080077d4   0x080077d4   0x0000002c   Code   RO           16    i.main              main.o
    0x08007800   0x08007800   0x0000000e   Code   RO         4275    i.main_thread_entry  components.o
    0x0800780e   0x0800780e   0x00000002   PAD
    0x08007810   0x08007810   0x000000e4   Code   RO         4104    i.mem_manage_fault_track  cpuport.o
    0x080078f4   0x080078f4   0x00000094   Code   RO         3910    i.msh_auto_complete  msh.o
    0x08007988   0x08007988   0x00000064   Code   RO         3911    i.msh_exec          msh.o
    0x080079ec   0x080079ec   0x00000044   Code   RO         3912    i.msh_get_cmd       msh.o
    0x08007a30   0x08007a30   0x00000064   Code   RO         3913    i.msh_help          msh.o
    0x08007a94   0x08007a94   0x000000d8   Code   RO         3914    i.msh_split         msh.o
    0x08007b6c   0x08007b6c   0x000000dc   Code   RO         4829    i.plug_holes        mem.o
    0x08007c48   0x08007c48   0x00000170   Code   RO         4589    i.print_number      kservice.o
    0x08007db8   0x08007db8   0x00000004   Code   RO         4169    i.reboot            board.o
    0x08007dbc   0x08007dbc   0x00000042   Code   RO         3081    i.right_bound       bms_utils.o
    0x08007dfe   0x08007dfe   0x00000002   PAD
    0x08007e00   0x08007e00   0x00000054   Code   RO         4276    i.rt_application_init  components.o
    0x08007e54   0x08007e54   0x00000070   Code   RO         4590    i.rt_assert_handler  kservice.o
    0x08007ec4   0x08007ec4   0x0000001c   Code   RO         4592    i.rt_calloc         kservice.o
    0x08007ee0   0x08007ee0   0x00000020   Code   RO         4277    i.rt_components_board_init  components.o
    0x08007f00   0x08007f00   0x00000020   Code   RO         4278    i.rt_components_init  components.o
    0x08007f20   0x08007f20   0x00000038   Code   RO         4349    i.rt_defunct_execute  idle.o
    0x08007f58   0x08007f58   0x0000001c   Code   RO         4955    i.rt_enter_critical  scheduler.o
    0x08007f74   0x08007f74   0x00000038   Code   RO         4956    i.rt_exit_critical  scheduler.o
    0x08007fac   0x08007fac   0x0000001c   Code   RO         4593    i.rt_free           kservice.o
    0x08007fc8   0x08007fc8   0x00000008   Code   RO         4170    i.rt_heap_begin_get  board.o
    0x08007fd0   0x08007fd0   0x00000008   Code   RO         4171    i.rt_heap_end_get   board.o
    0x08007fd8   0x08007fd8   0x00000036   Code   RO         4172    i.rt_hw_board_init  board.o
    0x0800800e   0x0800800e   0x00000002   PAD
    0x08008010   0x08008010   0x00000028   Code   RO         4173    i.rt_hw_console_getchar  board.o
    0x08008038   0x08008038   0x00000048   Code   RO         4174    i.rt_hw_console_output  board.o
    0x08008080   0x08008080   0x00000010   Code   RO         4105    i.rt_hw_cpu_reset   cpuport.o
    0x08008090   0x08008090   0x00000200   Code   RO         4108    i.rt_hw_hard_fault_exception  cpuport.o
    0x08008290   0x08008290   0x00000040   Code   RO         4109    i.rt_hw_stack_init  cpuport.o
    0x080082d0   0x080082d0   0x0000001c   Code   RO         4560    i.rt_interrupt_enter  irq.o
    0x080082ec   0x080082ec   0x00000018   Code   RO         4561    i.rt_interrupt_get_nest  irq.o
    0x08008304   0x08008304   0x0000001c   Code   RO         4562    i.rt_interrupt_leave  irq.o
    0x08008320   0x08008320   0x0000002c   Code   RO         4598    i.rt_kprintf        kservice.o
    0x0800834c   0x0800834c   0x00000020   Code   RO         4600    i.rt_malloc         kservice.o
    0x0800836c   0x0800836c   0x00000074   Code   RO         4603    i.rt_memcpy         kservice.o
    0x080083e0   0x080083e0   0x00000036   Code   RO         4604    i.rt_memmove        kservice.o
    0x08008416   0x08008416   0x00000002   PAD
    0x08008418   0x08008418   0x00000034   Code   RO         4605    i.rt_memory_info    kservice.o
    0x0800844c   0x0800844c   0x00000056   Code   RO         4606    i.rt_memset         kservice.o
    0x080084a2   0x080084a2   0x00000002   PAD
    0x080084a4   0x080084a4   0x000000d8   Code   RO         4884    i.rt_object_allocate  object.o
    0x0800857c   0x0800857c   0x00000098   Code   RO         4885    i.rt_object_delete  object.o
    0x08008614   0x08008614   0x00000054   Code   RO         4886    i.rt_object_detach  object.o
    0x08008668   0x08008668   0x00000024   Code   RO         4888    i.rt_object_get_information  object.o
    0x0800868c   0x0800868c   0x00000034   Code   RO         4891    i.rt_object_get_type  object.o
    0x080086c0   0x080086c0   0x000000ac   Code   RO         4892    i.rt_object_init    object.o
    0x0800876c   0x0800876c   0x0000003c   Code   RO         4893    i.rt_object_is_systemobject  object.o
    0x080087a8   0x080087a8   0x000000e0   Code   RO         4957    i.rt_schedule       scheduler.o
    0x08008888   0x08008888   0x000000c0   Code   RO         4958    i.rt_schedule_insert_thread  scheduler.o
    0x08008948   0x08008948   0x0000007c   Code   RO         4959    i.rt_schedule_remove_thread  scheduler.o
    0x080089c4   0x080089c4   0x000000c0   Code   RO         4417    i.rt_sem_init       ipc.o
    0x08008a84   0x08008a84   0x000000c8   Code   RO         4609    i.rt_show_version   kservice.o
    0x08008b4c   0x08008b4c   0x00000220   Code   RO         4830    i.rt_smem_alloc     mem.o
    0x08008d6c   0x08008d6c   0x000001a0   Code   RO         4832    i.rt_smem_free      mem.o
    0x08008f0c   0x08008f0c   0x000000d4   Code   RO         4833    i.rt_smem_init      mem.o
    0x08008fe0   0x08008fe0   0x00000012   Code   RO         4611    i.rt_sprintf        kservice.o
    0x08008ff2   0x08008ff2   0x00000002   PAD
    0x08008ff4   0x08008ff4   0x0000001c   Code   RO         4616    i.rt_strerror       kservice.o
    0x08009010   0x08009010   0x00000010   Code   RO         4617    i.rt_strlen         kservice.o
    0x08009020   0x08009020   0x0000002a   Code   RO         4619    i.rt_strncpy        kservice.o
    0x0800904a   0x0800904a   0x00000002   PAD
    0x0800904c   0x0800904c   0x00000058   Code   RO         4622    i.rt_system_heap_init  kservice.o
    0x080090a4   0x080090a4   0x0000002c   Code   RO         4960    i.rt_system_scheduler_init  scheduler.o
    0x080090d0   0x080090d0   0x00000028   Code   RO         4961    i.rt_system_scheduler_start  scheduler.o
    0x080090f8   0x080090f8   0x00000018   Code   RO         5152    i.rt_system_timer_init  timer.o
    0x08009110   0x08009110   0x00000002   Code   RO         5153    i.rt_system_timer_thread_init  timer.o
    0x08009112   0x08009112   0x0000005a   Code   RO         5037    i.rt_thread_create  thread.o
    0x0800916c   0x0800916c   0x00000034   Code   RO         4350    i.rt_thread_defunct_dequeue  idle.o
    0x080091a0   0x080091a0   0x00000018   Code   RO         4351    i.rt_thread_defunct_enqueue  idle.o
    0x080091b8   0x080091b8   0x00000006   Code   RO         4352    i.rt_thread_idle_entry  idle.o
    0x080091be   0x080091be   0x00000002   PAD
    0x080091c0   0x080091c0   0x00000068   Code   RO         4354    i.rt_thread_idle_init  idle.o
    0x08009228   0x08009228   0x00000084   Code   RO         5043    i.rt_thread_init    thread.o
    0x080092ac   0x080092ac   0x0000000e   Code   RO         5044    i.rt_thread_mdelay  thread.o
    0x080092ba   0x080092ba   0x00000002   PAD
    0x080092bc   0x080092bc   0x0000008c   Code   RO         5045    i.rt_thread_resume  thread.o
    0x08009348   0x08009348   0x0000000c   Code   RO         5046    i.rt_thread_self    thread.o
    0x08009354   0x08009354   0x00000084   Code   RO         5047    i.rt_thread_sleep   thread.o
    0x080093d8   0x080093d8   0x000000bc   Code   RO         5048    i.rt_thread_startup  thread.o
    0x08009494   0x08009494   0x000000bc   Code   RO         5049    i.rt_thread_suspend  thread.o
    0x08009550   0x08009550   0x00000032   Code   RO         4236    i.rt_tick_from_millisecond  clock.o
    0x08009582   0x08009582   0x00000002   PAD
    0x08009584   0x08009584   0x0000000c   Code   RO         4237    i.rt_tick_get       clock.o
    0x08009590   0x08009590   0x0000004c   Code   RO         4239    i.rt_tick_increase  clock.o
    0x080095dc   0x080095dc   0x000000f4   Code   RO         5154    i.rt_timer_check    timer.o
    0x080096d0   0x080096d0   0x0000011c   Code   RO         5155    i.rt_timer_control  timer.o
    0x080097ec   0x080097ec   0x0000008c   Code   RO         5156    i.rt_timer_create   timer.o
    0x08009878   0x08009878   0x00000104   Code   RO         5158    i.rt_timer_detach   timer.o
    0x0800997c   0x0800997c   0x000000a4   Code   RO         5159    i.rt_timer_init     timer.o
    0x08009a20   0x08009a20   0x0000014c   Code   RO         5161    i.rt_timer_start    timer.o
    0x08009b6c   0x08009b6c   0x000000cc   Code   RO         5162    i.rt_timer_stop     timer.o
    0x08009c38   0x08009c38   0x0000032c   Code   RO         4623    i.rt_vsnprintf      kservice.o
    0x08009f64   0x08009f64   0x00000012   Code   RO         4624    i.rt_vsprintf       kservice.o
    0x08009f76   0x08009f76   0x00000004   Code   RO         4279    i.rti_board_end     components.o
    0x08009f7a   0x08009f7a   0x00000004   Code   RO         4280    i.rti_board_start   components.o
    0x08009f7e   0x08009f7e   0x00000004   Code   RO         4281    i.rti_end           components.o
    0x08009f82   0x08009f82   0x00000004   Code   RO         4282    i.rti_start         components.o
    0x08009f86   0x08009f86   0x0000002a   Code   RO         4283    i.rtthread_startup  components.o
    0x08009fb0   0x08009fb0   0x00000030   Code   RO         4022    i.shell_auto_complete  shell.o
    0x08009fe0   0x08009fe0   0x00000038   Code   RO         3822    i.show_wait_queue   cmd.o
    0x0800a018   0x0800a018   0x0000001e   Code   RO         3915    i.str_common        msh.o
    0x0800a036   0x0800a036   0x0000001a   Code   RO         3082    i.swap              bms_utils.o
    0x0800a050   0x0800a050   0x00000034   Code   RO         4175    i.uart_init         board.o
    0x0800a084   0x0800a084   0x0000001c   Code   RO         3690    i.udelay_us         drv_iic.o
    0x0800a0a0   0x0800a0a0   0x000000dc   Code   RO         4110    i.usage_fault_track  cpuport.o
    0x0800a17c   0x0800a17c   0x0000000a   Code   RO         3823    i.version           cmd.o
    0x0800a186   0x0800a186   0x00000012   Data   RO         1591    .constdata          stm32f1xx_hal_rcc.o
    0x0800a198   0x0800a198   0x00000018   Data   RO         2785    .constdata          system_stm32f1xx.o
    0x0800a1b0   0x0800a1b0   0x0000000e   Data   RO         3916    .constdata          msh.o
    0x0800a1be   0x0800a1be   0x0000004a   Data   RO         4024    .constdata          shell.o
    0x0800a208   0x0800a208   0x00000014   Data   RO         4284    .constdata          components.o
    0x0800a21c   0x0800a21c   0x00000145   Data   RO         4421    .constdata          ipc.o
    0x0800a361   0x0800a361   0x00000136   Data   RO         4626    .constdata          kservice.o
    0x0800a497   0x0800a497   0x00000045   Data   RO         4835    .constdata          mem.o
    0x0800a4dc   0x0800a4dc   0x00000080   Data   RO         4894    .constdata          object.o
    0x0800a55c   0x0800a55c   0x00000034   Data   RO         4963    .constdata          scheduler.o
    0x0800a590   0x0800a590   0x000000bb   Data   RO         5051    .constdata          thread.o
    0x0800a64b   0x0800a64b   0x0000006c   Data   RO         5163    .constdata          timer.o
    0x0800a6b7   0x0800a6b7   0x00000001   PAD
    0x0800a6b8   0x0800a6b8   0x00000038   Data   RO         5240    .constdata          m_ws.l(log.o)
    0x0800a6f0   0x0800a6f0   0x00000008   Data   RO         5612    .constdata          m_ws.l(qnan.o)
    0x0800a6f8   0x0800a6f8   0x0000004b   Data   RO         3691    .conststring        drv_iic.o
    0x0800a743   0x0800a743   0x00000001   PAD
    0x0800a744   0x0800a744   0x00000044   Data   RO         3824    .conststring        cmd.o
    0x0800a788   0x0800a788   0x00000058   Data   RO         4627    .conststring        kservice.o
    0x0800a7e0   0x0800a7e0   0x000001a8   Data   RO         4836    .conststring        mem.o
    0x0800a988   0x0800a988   0x00000042   Data   RO         5052    .conststring        thread.o
    0x0800a9ca   0x0800a9ca   0x000000db   Data   RO         3333    .rodata.name        bms_msh_cmd.o
    0x0800aaa5   0x0800aaa5   0x00000006   Data   RO         3825    .rodata.name        cmd.o
    0x0800aaab   0x0800aaab   0x0000001a   Data   RO         3826    .rodata.name        cmd.o
    0x0800aac5   0x0800aac5   0x00000008   Data   RO         3827    .rodata.name        cmd.o
    0x0800aacd   0x0800aacd   0x00000023   Data   RO         3828    .rodata.name        cmd.o
    0x0800aaf0   0x0800aaf0   0x0000000c   Data   RO         3829    .rodata.name        cmd.o
    0x0800aafc   0x0800aafc   0x0000000c   Data   RO         3830    .rodata.name        cmd.o
    0x0800ab08   0x0800ab08   0x00000009   Data   RO         3831    .rodata.name        cmd.o
    0x0800ab11   0x0800ab11   0x00000019   Data   RO         3832    .rodata.name        cmd.o
    0x0800ab2a   0x0800ab2a   0x0000000b   Data   RO         3833    .rodata.name        cmd.o
    0x0800ab35   0x0800ab35   0x00000015   Data   RO         3834    .rodata.name        cmd.o
    0x0800ab4a   0x0800ab4a   0x0000000e   Data   RO         3835    .rodata.name        cmd.o
    0x0800ab58   0x0800ab58   0x0000001d   Data   RO         3836    .rodata.name        cmd.o
    0x0800ab75   0x0800ab75   0x0000000b   Data   RO         3837    .rodata.name        cmd.o
    0x0800ab80   0x0800ab80   0x00000015   Data   RO         3838    .rodata.name        cmd.o
    0x0800ab95   0x0800ab95   0x00000005   Data   RO         3839    .rodata.name        cmd.o
    0x0800ab9a   0x0800ab9a   0x0000000d   Data   RO         3840    .rodata.name        cmd.o
    0x0800aba7   0x0800aba7   0x00000005   Data   RO         3917    .rodata.name        msh.o
    0x0800abac   0x0800abac   0x00000016   Data   RO         3918    .rodata.name        msh.o
    0x0800abc2   0x0800abc2   0x00000003   Data   RO         3919    .rodata.name        msh.o
    0x0800abc5   0x0800abc5   0x0000001c   Data   RO         3920    .rodata.name        msh.o
    0x0800abe1   0x0800abe1   0x00000005   Data   RO         3921    .rodata.name        msh.o
    0x0800abe6   0x0800abe6   0x00000025   Data   RO         3922    .rodata.name        msh.o
    0x0800ac0b   0x0800ac0b   0x00000007   Data   RO         4177    .rodata.name        board.o
    0x0800ac12   0x0800ac12   0x0000000e   Data   RO         4178    .rodata.name        board.o
    0x0800ac20   0x0800ac20   0x00000004   Data   RO         4285    .rti_fn.0           components.o
    0x0800ac24   0x0800ac24   0x00000004   Data   RO         4286    .rti_fn.0.end       components.o
    0x0800ac28   0x0800ac28   0x00000004   Data   RO         4179    .rti_fn.1           board.o
    0x0800ac2c   0x0800ac2c   0x00000004   Data   RO         4287    .rti_fn.1.end       components.o
    0x0800ac30   0x0800ac30   0x00000004   Data   RO         4026    .rti_fn.6           shell.o
    0x0800ac34   0x0800ac34   0x00000004   Data   RO         4288    .rti_fn.6.end       components.o
    0x0800ac38   0x0800ac38   0x00000060   Data   RO         3334    FSymTab             bms_msh_cmd.o
    0x0800ac98   0x0800ac98   0x00000060   Data   RO         3841    FSymTab             cmd.o
    0x0800acf8   0x0800acf8   0x00000024   Data   RO         3923    FSymTab             msh.o
    0x0800ad1c   0x0800ad1c   0x0000000c   Data   RO         4180    FSymTab             board.o
    0x0800ad28   0x0800ad28   0x00000020   Data   RO         5662    Region$$Table       anon$$obj.o


    Execution Region RW_IRAM1 (Exec base: 0x20000000, Load base: 0x0800ad48, Size: 0x000047e8, Max: 0x00005000, ABSOLUTE, COMPRESSED[0x000001b4])

    Exec Addr    Load Addr    Size         Type   Attr      Idx    E Section Name        Object

    0x20000000   COMPRESSED   0x00000009   Data   RW         1427    .data               stm32f1xx_hal.o
    0x20000009   COMPRESSED   0x00000003   PAD
    0x2000000c   COMPRESSED   0x00000004   Data   RW         2786    .data               system_stm32f1xx.o
    0x20000010   COMPRESSED   0x00000006   Data   RW         2900    .data               bms_global.o
    0x20000016   COMPRESSED   0x00000002   PAD
    0x20000018   COMPRESSED   0x00000014   Data   RW         2937    .data               bms_mointor.o
    0x2000002c   COMPRESSED   0x0000005c   Data   RW         3004    .data               bms_protect.o
    0x20000088   COMPRESSED   0x000000fc   Data   RW         3125    .data               bms_analysis.o
    0x20000184   COMPRESSED   0x0000002d   Data   RW         3213    .data               bms_energy.o
    0x200001b1   COMPRESSED   0x00000003   PAD
    0x200001b4   COMPRESSED   0x0000000c   Data   RW         3520    .data               bq76920_iic.o
    0x200001c0   COMPRESSED   0x00000020   Data   RW         3692    .data               drv_iic.o
    0x200001e0   COMPRESSED   0x00000010   Data   RW         4025    .data               shell.o
    0x200001f0   COMPRESSED   0x00000004   Data   RW         4112    .data               cpuport.o
    0x200001f4   COMPRESSED   0x00000004   Data   RW         4113    .data               cpuport.o
    0x200001f8   COMPRESSED   0x00000004   Data   RW         4114    .data               cpuport.o
    0x200001fc   COMPRESSED   0x00000004   Data   RW         4115    .data               cpuport.o
    0x20000200   COMPRESSED   0x00000004   Data   RW         4241    .data               clock.o
    0x20000204   COMPRESSED   0x00000008   Data   RW         4356    .data               idle.o
    0x2000020c   COMPRESSED   0x00000001   Data   RW         4563    .data               irq.o
    0x2000020d   COMPRESSED   0x00000003   PAD
    0x20000210   COMPRESSED   0x0000003c   Data   RW         4628    .data               kservice.o
    0x2000024c   COMPRESSED   0x00000060   Data   RW         4895    .data               object.o
    0x200002ac   COMPRESSED   0x0000000c   Data   RW         4964    .data               scheduler.o
    0x200002b8   COMPRESSED   0x0000000c   Data   RW         5164    .data               timer.o
    0x200002c4   COMPRESSED   0x00000004   Data   RW         5643    .data               mc_w.l(errno.o)
    0x200002c8        -       0x00000048   Zero   RW          216    .bss                usart.o
    0x20000310        -       0x00000048   Zero   RW          346    .bss                stm32f1xx_hal_timebase_tim.o
    0x20000358        -       0x0000004c   Zero   RW         2936    .bss                bms_mointor.o
    0x200003a4        -       0x00000078   Zero   RW         3519    .bss                bq76920_iic.o
    0x2000041c        -       0x00000081   Zero   RW         4023    .bss                shell.o
    0x2000049d   COMPRESSED   0x00000003   PAD
    0x200004a0        -       0x00003c48   Zero   RW         4176    .bss                board.o
    0x200040e8        -       0x00000180   Zero   RW         4355    .bss                idle.o
    0x20004268        -       0x00000080   Zero   RW         4625    .bss                kservice.o
    0x200042e8        -       0x00000100   Zero   RW         4962    .bss                scheduler.o
    0x200043e8        -       0x00000400   Zero   RW            1    STACK               startup_stm32f103xb.o


==============================================================================

Image component sizes


      Code (inc. data)   RO Data    RW Data    ZI Data      Debug   Object Name

      1108        158          0        252          0       7360   bms_analysis.o
      1440        400          0         45          0       6158   bms_energy.o
         0          0          0          6          0       8887   bms_global.o
        44          0          0          0          0       2883   bms_hal_control.o
       268         48          0          0          0       3501   bms_hal_mointor.o
      1608        522          0          0          0       2468   bms_info.o
       880        228          0         20         76       5114   bms_mointor.o
       200         90        315          0          0       6295   bms_msh_cmd.o
      2242        874          0         92          0       7090   bms_protect.o
       244          0          0          0          0       3320   bms_utils.o
       256         26         37          0      15432       6496   board.o
      3922        980          0         12        120      24998   bq76920_iic.o
       140         28          0          0          0       8201   bsp_app.o
       138         12          0          4          0       2760   clock.o
      2580        998        422          0          0      17102   cmd.o
       230         52         36          0          0       7036   components.o
       252         28          0          0          0        876   context_rvds.o
      1416        744          0         16          0       6968   cpuport.o
      1616        330         75         32          0      15533   drv_iic.o
       256         18          0          0          0       1023   gpio.o
       242         28          0          8        384       7142   idle.o
       192        100        325          0          0      27707   ipc.o
        80         18          0          1          0       2758   irq.o
      2214        306        398         60        128      19750   kservice.o
       176         10          0          0          0     436622   main.o
      1392        550        493          0          0       7473   mem.o
       948        218        150          0          0      10348   msh.o
       772        266        128         96          0       8702   object.o
       744        106         52         12        256      10392   scheduler.o
      1028        156         78         16        129      10032   shell.o
        36          8        236          0       1024        816   startup_stm32f103xb.o
        76         20          0          9          0       4794   stm32f1xx_hal.o
       304         22          0          0          0      29599   stm32f1xx_hal_cortex.o
       876         38          0          0          0       4683   stm32f1xx_hal_gpio.o
        84          8          0          0          0        946   stm32f1xx_hal_msp.o
      1816        108         18          0          0       6813   stm32f1xx_hal_rcc.o
       728         26          0          0          0       6534   stm32f1xx_hal_tim.o
         4          0          0          0          0       1625   stm32f1xx_hal_tim_ex.o
       180         22          0          0         72       1539   stm32f1xx_hal_timebase_tim.o
      1002          4          0          0          0       5599   stm32f1xx_hal_uart.o
        46          6          0          0          0       3282   stm32f1xx_it.o
       166         22         24          4          0       1831   system_stm32f1xx.o
      1330        396        253          0          0      16403   thread.o
      1694        566        108         12          0      14812   timer.o
       192         24          0          0         72       1762   usart.o

    ----------------------------------------------------------------------
     35202       8564       3182        708      17696     786033   Object Totals
         0          0         32          0          0          0   (incl. Generated)
        40          0          2         11          3          0   (incl. Padding)

    ----------------------------------------------------------------------

      Code (inc. data)   RO Data    RW Data    ZI Data      Debug   Library Member Name

        34          4          0          0          0        204   dunder.o
       860         52         56          0          0        256   log.o
       170          0          0          0          0         96   poly.o
         0          0          8          0          0          0   qnan.o
        86          0          0          0          0          0   __dczerorl2.o
         0          0          0          0          0          0   entry.o
         0          0          0          0          0          0   entry10a.o
         0          0          0          0          0          0   entry11a.o
         4          0          0          0          0          0   entry12b.o
         8          4          0          0          0          0   entry2.o
         4          0          0          0          0          0   entry5.o
         0          0          0          0          0          0   entry7b.o
         0          0          0          0          0          0   entry8b.o
         8          4          0          0          0          0   entry9a.o
        12          6          0          4          0         68   errno.o
        30          0          0          0          0          0   handlers.o
        36          8          0          0          0         68   init.o
         0          0          0          0          0          0   iusefp.o
        30          0          0          0          0         68   llshl.o
        36          0          0          0          0         68   llsshr.o
        32          0          0          0          0         68   llushr.o
        36          0          0          0          0         68   memcpya.o
        36          0          0          0          0        108   memseta.o
      2236         86          0          0          0        532   printfa.o
        24          0          0          0          0         68   strcat.o
        28          0          0          0          0         76   strcmp.o
        14          0          0          0          0         68   strlen.o
        30          0          0          0          0         80   strncmp.o
        24          0          0          0          0         76   strncpy.o
        44          0          0          0          0         80   uidiv.o
        98          0          0          0          0         92   uldiv.o
        48          0          0          0          0         68   cdcmple.o
        48          0          0          0          0         68   cdrcmple.o
        20          0          0          0          0         68   cfcmple.o
        20          0          0          0          0         68   cfrcmple.o
        56          0          0          0          0         88   d2f.o
       334          0          0          0          0        148   dadd.o
       222          0          0          0          0        100   ddiv.o
       186          0          0          0          0        176   depilogue.o
        48          0          0          0          0         68   dfixul.o
        34          0          0          0          0         76   dflti.o
        26          0          0          0          0         76   dfltui.o
       228          0          0          0          0         96   dmul.o
        46          0          0          0          0         80   dscalb.o
        38          0          0          0          0         68   f2d.o
       176          0          0          0          0        140   fadd.o
       124          0          0          0          0         88   fdiv.o
       110          0          0          0          0        168   fepilogue.o
        50          0          0          0          0         68   ffixi.o
        40          0          0          0          0         68   ffixui.o
        18          0          0          0          0         68   fflti.o
        10          0          0          0          0         68   ffltui.o
       100          0          0          0          0         76   fmul.o

    ----------------------------------------------------------------------
      5912        164         64          4          0       4136   Library Totals
        10          0          0          0          0          0   (incl. Padding)

    ----------------------------------------------------------------------

      Code (inc. data)   RO Data    RW Data    ZI Data      Debug   Library Name

      1064         56         64          0          0        556   m_ws.l
      2856        108          0          4          0       1588   mc_w.l
      1982          0          0          0          0       1992   mf_w.l

    ----------------------------------------------------------------------
      5912        164         64          4          0       4136   Library Totals

    ----------------------------------------------------------------------

==============================================================================


      Code (inc. data)   RO Data    RW Data    ZI Data      Debug   

     41114       8728       3246        712      17696     773449   Grand Totals
     41114       8728       3246        436      17696     773449   ELF Image Totals (compressed)
     41114       8728       3246        436          0          0   ROM Totals

==============================================================================

    Total RO  Size (Code + RO Data)                44360 (  43.32kB)
    Total RW  Size (RW Data + ZI Data)             18408 (  17.98kB)
    Total ROM Size (Code + RO Data + RW Data)      44796 (  43.75kB)

==============================================================================

