<html>
<body>
<pre>
<h1>礦ision Build Log</h1>
<h2>Tool Versions:</h2>
IDE-Version: μVision V5.36.0.0
Copyright (C) 2021 ARM Ltd and ARM Germany GmbH. All rights reserved.
License Information: YTURTHJ 767721249@qq.com, RETERGDS, LIC=BUURY-II1YP-8TF3P-MBJIB-3ETBX-09HUC
 
Tool Versions:
Toolchain:       MDK-ARM Plus  Version: 5.36.0.0
Toolchain Path:  E:\keil5\keil5_MDK\ARM\ARMCC\Bin
C Compiler:      Armcc.exe V5.06 update 7 (build 960)
Assembler:       Armasm.exe V5.06 update 7 (build 960)
Linker/Locator:  ArmLink.exe V5.06 update 7 (build 960)
Library Manager: ArmAr.exe V5.06 update 7 (build 960)
Hex Converter:   FromElf.exe V5.06 update 7 (build 960)
CPU DLL:         SARMCM3.DLL V5.36.0.0
Dialog DLL:      DCM.DLL V1.17.3.0
Target DLL:      CMSIS_AGDI.dll V1.33.0.0
Dialog DLL:      TCM.DLL V1.53.0.0
 
<h2>Project:</h2>
G:\aaa朱老师前开\学习过程数据\BMS - rtthread40\BMS_PROJECT\bms_2.0\MDK-ARM\bms.uvprojx
Project File Date:  03/10/2026

<h2>Output:</h2>
*** Using Compiler 'V5.06 update 7 (build 960)', folder: 'E:\keil5\keil5_MDK\ARM\ARMCC\Bin'
Rebuild target 'bms'
assembling startup_stm32f103xb.s...
compiling stm32f1xx_hal_msp.c...
compiling stm32f1xx_hal_gpio.c...
compiling usart.c...
compiling stm32f1xx_hal.c...
compiling stm32f1xx_it.c...
compiling gpio.c...
compiling stm32f1xx_hal_dma.c...
compiling stm32f1xx_hal_timebase_tim.c...
compiling stm32f1xx_hal_cortex.c...
compiling stm32f1xx_hal_tim_ex.c...
compiling stm32f1xx_hal_pwr.c...
compiling main.c...
compiling stm32f1xx_hal_gpio_ex.c...
compiling stm32f1xx_hal_rcc.c...
compiling stm32f1xx_hal_rcc_ex.c...
compiling stm32f1xx_hal_tim.c...
compiling bms_utils.c...
compiling stm32f1xx_hal_flash.c...
compiling stm32f1xx_hal_exti.c...
compiling system_stm32f1xx.c...
compiling device.c...
compiling cmd.c...
compiling msh.c...
compiling stm32f1xx_hal_flash_ex.c...
compiling bms_energy.c...
compiling msh_file.c...
compiling bms_hal_control.c...
compiling bms_mointor.c...
compiling bms_analysis.c...
compiling shell.c...
assembling context_rvds.S...
compiling msh_parse.c...
compiling cpuport.c...
compiling clock.c...
compiling components.c...
compiling bq76920_iic.c...
..\user\drivers\bq76920_iic.c(117): warning:  #177-D: function "BQ769X0_WriteRegisterByte"  was declared but never referenced
  static bool BQ769X0_WriteRegisterByte(uint8_t Register, uint8_t data)
..\user\drivers\bq76920_iic.c(162): warning:  #177-D: function "BQ769X0_WriteRegisterWordWithCRC"  was declared but never referenced
  static bool BQ769X0_WriteRegisterWordWithCRC(uint8_t Register, uint16_t data)
..\user\drivers\bq76920_iic.c(224): warning:  #177-D: function "BQ769X0_ReadRegisterByte"  was declared but never referenced
  static bool BQ769X0_ReadRegisterByte(uint8_t Register, uint8_t *data)
..\user\drivers\bq76920_iic.c: 3 warnings, 0 errors
compiling cpu.c...
compiling stm32f1xx_hal_uart.c...
compiling bsp_app.c...
compiling bms_global.c...
compiling bms_protect.c...
compiling bms_msh_cmd.c...
compiling bms_info.c...
compiling idle.c...
compiling irq.c...
compiling mem.c...
compiling ipc.c...
compiling kservice.c...
compiling bms_hal_mointor.c...
compiling memheap.c...
compiling mempool.c...
compiling object.c...
compiling slab.c...
compiling signal.c...
compiling scheduler.c...
compiling thread.c...
compiling timer.c...
compiling drv_iic.c...
compiling board.c...
linking...
Program Size: Code=41114 RO-data=3246 RW-data=712 ZI-data=17696  
FromELF: creating hex file...
"bms\bms.axf" - 0 Error(s), 3 Warning(s).

<h2>Software Packages used:</h2>

Package Vendor: ARM
                http://www.keil.com/pack/ARM.CMSIS.5.8.0.pack
                ARM.CMSIS.5.8.0
                CMSIS (Common Microcontroller Software Interface Standard)
   * Component: CORE Version: 5.5.0

Package Vendor: Keil
                http://www.keil.com/pack/Keil.STM32F1xx_DFP.2.3.0.pack
                Keil.STM32F1xx_DFP.2.3.0
                STMicroelectronics STM32F1 Series Device Support, Drivers and Examples

<h2>Collection of Component include folders:</h2>
  .\RTE\_bms
  E:\keil5\keil5_MDK\ARM\PACK\ARM\CMSIS\5.8.0\CMSIS\Core\Include
  E:\keil5\keil5_MDK\ARM\PACK\Keil\STM32F1xx_DFP\2.3.0\Device\Include

<h2>Collection of Component Files used:</h2>

   * Component: ARM::CMSIS:CORE:5.5.0
Build Time Elapsed:  00:00:08
</pre>
</body>
</html>
